Archive member included to satisfy reference by file (symbol)

/opt/st/stm32cubeide_1.5.0/plugins/com.st.stm32cube.ide.mcu.externaltools.gnu-tools-for-stm32.7-2018-q2-update.linux64_1.5.0.202011040924/tools/bin/../lib/gcc/arm-none-eabi/7.3.1/../../../../arm-none-eabi/lib/thumb/v7-m/libc_nano.a(lib_a-errno.o)
                              Core/Src/syscalls.o (__errno)
/opt/st/stm32cubeide_1.5.0/plugins/com.st.stm32cube.ide.mcu.externaltools.gnu-tools-for-stm32.7-2018-q2-update.linux64_1.5.0.202011040924/tools/bin/../lib/gcc/arm-none-eabi/7.3.1/../../../../arm-none-eabi/lib/thumb/v7-m/libc_nano.a(lib_a-exit.o)
                              /opt/st/stm32cubeide_1.5.0/plugins/com.st.stm32cube.ide.mcu.externaltools.gnu-tools-for-stm32.7-2018-q2-update.linux64_1.5.0.202011040924/tools/bin/../lib/gcc/arm-none-eabi/7.3.1/../../../../arm-none-eabi/lib/thumb/v7-m/crt0.o (exit)
/opt/st/stm32cubeide_1.5.0/plugins/com.st.stm32cube.ide.mcu.externaltools.gnu-tools-for-stm32.7-2018-q2-update.linux64_1.5.0.202011040924/tools/bin/../lib/gcc/arm-none-eabi/7.3.1/../../../../arm-none-eabi/lib/thumb/v7-m/libc_nano.a(lib_a-impure.o)
                              /opt/st/stm32cubeide_1.5.0/plugins/com.st.stm32cube.ide.mcu.externaltools.gnu-tools-for-stm32.7-2018-q2-update.linux64_1.5.0.202011040924/tools/bin/../lib/gcc/arm-none-eabi/7.3.1/../../../../arm-none-eabi/lib/thumb/v7-m/libc_nano.a(lib_a-exit.o) (_global_impure_ptr)
/opt/st/stm32cubeide_1.5.0/plugins/com.st.stm32cube.ide.mcu.externaltools.gnu-tools-for-stm32.7-2018-q2-update.linux64_1.5.0.202011040924/tools/bin/../lib/gcc/arm-none-eabi/7.3.1/../../../../arm-none-eabi/lib/thumb/v7-m/libc_nano.a(lib_a-init.o)
                              /opt/st/stm32cubeide_1.5.0/plugins/com.st.stm32cube.ide.mcu.externaltools.gnu-tools-for-stm32.7-2018-q2-update.linux64_1.5.0.202011040924/tools/bin/../lib/gcc/arm-none-eabi/7.3.1/../../../../arm-none-eabi/lib/thumb/v7-m/crt0.o (__libc_init_array)
/opt/st/stm32cubeide_1.5.0/plugins/com.st.stm32cube.ide.mcu.externaltools.gnu-tools-for-stm32.7-2018-q2-update.linux64_1.5.0.202011040924/tools/bin/../lib/gcc/arm-none-eabi/7.3.1/../../../../arm-none-eabi/lib/thumb/v7-m/libc_nano.a(lib_a-memset.o)
                              /opt/st/stm32cubeide_1.5.0/plugins/com.st.stm32cube.ide.mcu.externaltools.gnu-tools-for-stm32.7-2018-q2-update.linux64_1.5.0.202011040924/tools/bin/../lib/gcc/arm-none-eabi/7.3.1/../../../../arm-none-eabi/lib/thumb/v7-m/crt0.o (memset)

Allocating common symbols
Common symbol       size              file

hUsbDeviceFS        0x2c4             USB_DEVICE/App/usb_device.o
uwTick              0x4               Drivers/STM32F1xx_HAL_Driver/Src/stm32f1xx_hal.o
pFlash              0x20              Drivers/STM32F1xx_HAL_Driver/Src/stm32f1xx_hal_flash.o
UserRxBufferFS      0x3e8             USB_DEVICE/App/usbd_cdc_if.o
hadc1               0x30              Core/Src/main.o
UserTxBufferFS      0x3e8             USB_DEVICE/App/usbd_cdc_if.o
hdma_adc1           0x44              Core/Src/main.o
rxBuffer            0x4               Core/Src/main.o
time                0x4               Core/Src/main.o
triggerLevel        0x2               Core/Src/main.o
adcSamples          0x2712            Core/Src/main.o
htim2               0x48              Core/Src/main.o
hpcd_USB_FS         0x2ec             USB_DEVICE/Target/usbd_conf.o
USBD_StrDesc        0x200             USB_DEVICE/App/usbd_desc.o

Discarded input sections

 .text          0x0000000000000000        0x0 /opt/st/stm32cubeide_1.5.0/plugins/com.st.stm32cube.ide.mcu.externaltools.gnu-tools-for-stm32.7-2018-q2-update.linux64_1.5.0.202011040924/tools/bin/../lib/gcc/arm-none-eabi/7.3.1/thumb/v7-m/crti.o
 .data          0x0000000000000000        0x0 /opt/st/stm32cubeide_1.5.0/plugins/com.st.stm32cube.ide.mcu.externaltools.gnu-tools-for-stm32.7-2018-q2-update.linux64_1.5.0.202011040924/tools/bin/../lib/gcc/arm-none-eabi/7.3.1/thumb/v7-m/crti.o
 .bss           0x0000000000000000        0x0 /opt/st/stm32cubeide_1.5.0/plugins/com.st.stm32cube.ide.mcu.externaltools.gnu-tools-for-stm32.7-2018-q2-update.linux64_1.5.0.202011040924/tools/bin/../lib/gcc/arm-none-eabi/7.3.1/thumb/v7-m/crti.o
 .data          0x0000000000000000        0x4 /opt/st/stm32cubeide_1.5.0/plugins/com.st.stm32cube.ide.mcu.externaltools.gnu-tools-for-stm32.7-2018-q2-update.linux64_1.5.0.202011040924/tools/bin/../lib/gcc/arm-none-eabi/7.3.1/thumb/v7-m/crtbegin.o
 .text          0x0000000000000000       0x74 /opt/st/stm32cubeide_1.5.0/plugins/com.st.stm32cube.ide.mcu.externaltools.gnu-tools-for-stm32.7-2018-q2-update.linux64_1.5.0.202011040924/tools/bin/../lib/gcc/arm-none-eabi/7.3.1/../../../../arm-none-eabi/lib/thumb/v7-m/crt0.o
 .data          0x0000000000000000        0x0 /opt/st/stm32cubeide_1.5.0/plugins/com.st.stm32cube.ide.mcu.externaltools.gnu-tools-for-stm32.7-2018-q2-update.linux64_1.5.0.202011040924/tools/bin/../lib/gcc/arm-none-eabi/7.3.1/../../../../arm-none-eabi/lib/thumb/v7-m/crt0.o
[...]
Memory Configuration

Name             Origin             Length             Attributes
RAM              0x0000000020000000 0x0000000000005000 xrw
FLASH            0x0000000008000000 0x0000000000010000 xr
*default*        0x0000000000000000 0xffffffffffffffff

Linker script and memory map

LOAD /opt/st/stm32cubeide_1.5.0/plugins/com.st.stm32cube.ide.mcu.externaltools.gnu-tools-for-stm32.7-2018-q2-update.linux64_1.5.0.202011040924/tools/bin/../lib/gcc/arm-none-eabi/7.3.1/thumb/v7-m/crti.o
LOAD /opt/st/stm32cubeide_1.5.0/plugins/com.st.stm32cube.ide.mcu.externaltools.gnu-tools-for-stm32.7-2018-q2-update.linux64_1.5.0.202011040924/tools/bin/../lib/gcc/arm-none-eabi/7.3.1/thumb/v7-m/crtbegin.o
LOAD /opt/st/stm32cubeide_1.5.0/plugins/com.st.stm32cube.ide.mcu.externaltools.gnu-tools-for-stm32.7-2018-q2-update.linux64_1.5.0.202011040924/tools/bin/../lib/gcc/arm-none-eabi/7.3.1/../../../../arm-none-eabi/lib/thumb/v7-m/crt0.o
LOAD Core/Src/main.o
LOAD Core/Src/stm32f1xx_hal_msp.o
LOAD Core/Src/stm32f1xx_it.o
LOAD Core/Src/syscalls.o
LOAD Core/Src/sysmem.o
LOAD Core/Src/system_stm32f1xx.o
LOAD Core/Startup/startup_stm32f103c8tx.o
LOAD Drivers/STM32F1xx_HAL_Driver/Src/stm32f1xx_hal.o
LOAD Drivers/STM32F1xx_HAL_Driver/Src/stm32f1xx_hal_adc.o
LOAD Drivers/STM32F1xx_HAL_Driver/Src/stm32f1xx_hal_adc_ex.o
LOAD Drivers/STM32F1xx_HAL_Driver/Src/stm32f1xx_hal_cortex.o
LOAD Drivers/STM32F1xx_HAL_Driver/Src/stm32f1xx_hal_dma.o
LOAD Drivers/STM32F1xx_HAL_Driver/Src/stm32f1xx_hal_exti.o
LOAD Drivers/STM32F1xx_HAL_Driver/Src/stm32f1xx_hal_flash.o
LOAD Drivers/STM32F1xx_HAL_Driver/Src/stm32f1xx_hal_flash_ex.o
LOAD Drivers/STM32F1xx_HAL_Driver/Src/stm32f1xx_hal_gpio.o
LOAD Drivers/STM32F1xx_HAL_Driver/Src/stm32f1xx_hal_gpio_ex.o
LOAD Drivers/STM32F1xx_HAL_Driver/Src/stm32f1xx_hal_pcd.o
LOAD Drivers/STM32F1xx_HAL_Driver/Src/stm32f1xx_hal_pcd_ex.o
LOAD Drivers/STM32F1xx_HAL_Driver/Src/stm32f1xx_hal_pwr.o
LOAD Drivers/STM32F1xx_HAL_Driver/Src/stm32f1xx_hal_rcc.o
LOAD Drivers/STM32F1xx_HAL_Driver/Src/stm32f1xx_hal_rcc_ex.o
LOAD Drivers/STM32F1xx_HAL_Driver/Src/stm32f1xx_hal_tim.o
LOAD Drivers/STM32F1xx_HAL_Driver/Src/stm32f1xx_hal_tim_ex.o
LOAD Drivers/STM32F1xx_HAL_Driver/Src/stm32f1xx_ll_usb.o
LOAD Middlewares/ST/STM32_USB_Device_Library/Class/CDC/Src/usbd_cdc.o
LOAD Middlewares/ST/STM32_USB_Device_Library/Core/Src/usbd_core.o
LOAD Middlewares/ST/STM32_USB_Device_Library/Core/Src/usbd_ctlreq.o
LOAD Middlewares/ST/STM32_USB_Device_Library/Core/Src/usbd_ioreq.o
LOAD USB_DEVICE/App/usb_device.o
LOAD USB_DEVICE/App/usbd_cdc_if.o
LOAD USB_DEVICE/App/usbd_desc.o
LOAD USB_DEVICE/Target/usbd_conf.o
START GROUP
LOAD /opt/st/stm32cubeide_1.5.0/plugins/com.st.stm32cube.ide.mcu.externaltools.gnu-tools-for-stm32.7-2018-q2-update.linux64_1.5.0.202011040924/tools/bin/../lib/gcc/arm-none-eabi/7.3.1/../../../../arm-none-eabi/lib/thumb/v7-m/libc_nano.a
LOAD /opt/st/stm32cubeide_1.5.0/plugins/com.st.stm32cube.ide.mcu.externaltools.gnu-tools-for-stm32.7-2018-q2-update.linux64_1.5.0.202011040924/tools/bin/../lib/gcc/arm-none-eabi/7.3.1/../../../../arm-none-eabi/lib/thumb/v7-m/libm.a
END GROUP
START GROUP
LOAD /opt/st/stm32cubeide_1.5.0/plugins/com.st.stm32cube.ide.mcu.externaltools.gnu-tools-for-stm32.7-2018-q2-update.linux64_1.5.0.202011040924/tools/bin/../lib/gcc/arm-none-eabi/7.3.1/thumb/v7-m/libgcc.a
LOAD /opt/st/stm32cubeide_1.5.0/plugins/com.st.stm32cube.ide.mcu.externaltools.gnu-tools-for-stm32.7-2018-q2-update.linux64_1.5.0.202011040924/tools/bin/../lib/gcc/arm-none-eabi/7.3.1/../../../../arm-none-eabi/lib/thumb/v7-m/libc_nano.a
END GROUP
START GROUP
LOAD /opt/st/stm32cubeide_1.5.0/plugins/com.st.stm32cube.ide.mcu.externaltools.gnu-tools-for-stm32.7-2018-q2-update.linux64_1.5.0.202011040924/tools/bin/../lib/gcc/arm-none-eabi/7.3.1/thumb/v7-m/libgcc.a
LOAD /opt/st/stm32cubeide_1.5.0/plugins/com.st.stm32cube.ide.mcu.externaltools.gnu-tools-for-stm32.7-2018-q2-update.linux64_1.5.0.202011040924/tools/bin/../lib/gcc/arm-none-eabi/7.3.1/../../../../arm-none-eabi/lib/thumb/v7-m/libc_nano.a
LOAD /opt/st/stm32cubeide_1.5.0/plugins/com.st.stm32cube.ide.mcu.externaltools.gnu-tools-for-stm32.7-2018-q2-update.linux64_1.5.0.202011040924/tools/bin/../lib/gcc/arm-none-eabi/7.3.1/../../../../arm-none-eabi/lib/thumb/v7-m/libnosys.a
END GROUP
START GROUP
LOAD /opt/st/stm32cubeide_1.5.0/plugins/com.st.stm32cube.ide.mcu.externaltools.gnu-tools-for-stm32.7-2018-q2-update.linux64_1.5.0.202011040924/tools/bin/../lib/gcc/arm-none-eabi/7.3.1/thumb/v7-m/libgcc.a
LOAD /opt/st/stm32cubeide_1.5.0/plugins/com.st.stm32cube.ide.mcu.externaltools.gnu-tools-for-stm32.7-2018-q2-update.linux64_1.5.0.202011040924/tools/bin/../lib/gcc/arm-none-eabi/7.3.1/../../../../arm-none-eabi/lib/thumb/v7-m/libc_nano.a
LOAD /opt/st/stm32cubeide_1.5.0/plugins/com.st.stm32cube.ide.mcu.externaltools.gnu-tools-for-stm32.7-2018-q2-update.linux64_1.5.0.202011040924/tools/bin/../lib/gcc/arm-none-eabi/7.3.1/../../../../arm-none-eabi/lib/thumb/v7-m/libnosys.a
END GROUP
LOAD /opt/st/stm32cubeide_1.5.0/plugins/com.st.stm32cube.ide.mcu.externaltools.gnu-tools-for-stm32.7-2018-q2-update.linux64_1.5.0.202011040924/tools/bin/../lib/gcc/arm-none-eabi/7.3.1/thumb/v7-m/crtend.o
LOAD /opt/st/stm32cubeide_1.5.0/plugins/com.st.stm32cube.ide.mcu.externaltools.gnu-tools-for-stm32.7-2018-q2-update.linux64_1.5.0.202011040924/tools/bin/../lib/gcc/arm-none-eabi/7.3.1/thumb/v7-m/crtn.o
                0x0000000020005000                _estack = (ORIGIN (RAM) + LENGTH (RAM))
                0x0000000000000200                _Min_Heap_Size = 0x200
                0x0000000000000400                _Min_Stack_Size = 0x400

.isr_vector     0x0000000008000000      0x10c
                0x0000000008000000                . = ALIGN (0x4)
 *(.isr_vector)
 .isr_vector    0x0000000008000000      0x10c Core/Startup/startup_stm32f103c8tx.o
                0x0000000008000000                g_pfnVectors
                0x000000000800010c                . = ALIGN (0x4)

.text           0x000000000800010c     0x8394
                0x000000000800010c                . = ALIGN (0x4)
 *(.text)
 .text          0x000000000800010c       0x40 /opt/st/stm32cubeide_1.5.0/plugins/com.st.stm32cube.ide.mcu.externaltools.gnu-tools-for-stm32.7-2018-q2-update.linux64_1.5.0.202011040924/tools/bin/../lib/gcc/arm-none-eabi/7.3.1/thumb/v7-m/crtbegin.o
 *(.text*)
 .text.VCP_read
                0x000000000800014c       0x74 Core/Src/main.o
                0x000000000800014c                VCP_read
 .text.HAL_TIM_PeriodElapsedCallback
                0x00000000080001c0       0x3c Core/Src/main.o
                0x00000000080001c0                HAL_TIM_PeriodElapsedCallback
 .text.main     0x00000000080001fc      0x178 Core/Src/main.o
                0x00000000080001fc                main
 .text.SystemClock_Config
                0x0000000008000374       0xbc Core/Src/main.o
                0x0000000008000374                SystemClock_Config
 .text.MX_ADC1_Init
                0x0000000008000430       0x7c Core/Src/main.o
 .text.MX_TIM2_Init
                0x00000000080004ac       0x98 Core/Src/main.o
 .text.MX_DMA_Init
                0x0000000008000544       0x3c Core/Src/main.o
 .text.MX_GPIO_Init
                0x0000000008000580       0xd8 Core/Src/main.o
 .text.Error_Handler
                0x0000000008000658        0x8 Core/Src/main.o
                0x0000000008000658                Error_Handler
 .text.HAL_MspInit
                0x0000000008000660       0x64 Core/Src/stm32f1xx_hal_msp.o
                0x0000000008000660                HAL_MspInit
 .text.HAL_ADC_MspInit
                0x00000000080006c4       0xd0 Core/Src/stm32f1xx_hal_msp.o
                0x00000000080006c4                HAL_ADC_MspInit
 .text.HAL_TIM_Base_MspInit
                0x0000000008000794       0x48 Core/Src/stm32f1xx_hal_msp.o
                0x0000000008000794                HAL_TIM_Base_MspInit
 .text.NMI_Handler
                0x00000000080007dc        0x6 Core/Src/stm32f1xx_it.o
                0x00000000080007dc                NMI_Handler
 .text.HardFault_Handler
                0x00000000080007e2        0x6 Core/Src/stm32f1xx_it.o
                0x00000000080007e2                HardFault_Handler
 .text.MemManage_Handler
                0x00000000080007e8        0x6 Core/Src/stm32f1xx_it.o
                0x00000000080007e8                MemManage_Handler
 .text.BusFault_Handler
                0x00000000080007ee        0x6 Core/Src/stm32f1xx_it.o
                0x00000000080007ee                BusFault_Handler
 .text.UsageFault_Handler
                0x00000000080007f4        0x6 Core/Src/stm32f1xx_it.o
                0x00000000080007f4                UsageFault_Handler
 .text.SVC_Handler
                0x00000000080007fa        0xc Core/Src/stm32f1xx_it.o
                0x00000000080007fa                SVC_Handler
 .text.DebugMon_Handler
                0x0000000008000806        0xc Core/Src/stm32f1xx_it.o
                0x0000000008000806                DebugMon_Handler
 .text.PendSV_Handler
                0x0000000008000812        0xc Core/Src/stm32f1xx_it.o
                0x0000000008000812                PendSV_Handler
 .text.SysTick_Handler
                0x000000000800081e        0xc Core/Src/stm32f1xx_it.o
                0x000000000800081e                SysTick_Handler
 *fill*         0x000000000800082a        0x2 
 .text.DMA1_Channel1_IRQHandler
                0x000000000800082c       0x14 Core/Src/stm32f1xx_it.o
                0x000000000800082c                DMA1_Channel1_IRQHandler
 .text.USB_LP_CAN1_RX0_IRQHandler
                0x0000000008000840       0x14 Core/Src/stm32f1xx_it.o
                0x0000000008000840                USB_LP_CAN1_RX0_IRQHandler
 .text.TIM2_IRQHandler
                0x0000000008000854       0x14 Core/Src/stm32f1xx_it.o
                0x0000000008000854                TIM2_IRQHandler
 .text.SystemInit
                0x0000000008000868        0xc Core/Src/system_stm32f1xx.o
                0x0000000008000868                SystemInit
 .text.Reset_Handler
                0x0000000008000874       0x48 Core/Startup/startup_stm32f103c8tx.o
                0x0000000008000874                Reset_Handler
 .text.Default_Handler
                0x00000000080008bc        0x2 Core/Startup/startup_stm32f103c8tx.o
                0x00000000080008bc                RTC_Alarm_IRQHandler
                0x00000000080008bc                EXTI2_IRQHandler
                0x00000000080008bc                TIM1_CC_IRQHandler
                0x00000000080008bc                PVD_IRQHandler
                0x00000000080008bc                EXTI3_IRQHandler
                0x00000000080008bc                EXTI0_IRQHandler
                0x00000000080008bc                I2C2_EV_IRQHandler
                0x00000000080008bc                ADC1_2_IRQHandler
                0x00000000080008bc                SPI1_IRQHandler
                0x00000000080008bc                TAMPER_IRQHandler
                0x00000000080008bc                DMA1_Channel4_IRQHandler
                0x00000000080008bc                USART3_IRQHandler
                0x00000000080008bc                RTC_IRQHandler
                0x00000000080008bc                DMA1_Channel7_IRQHandler
                0x00000000080008bc                CAN1_RX1_IRQHandler
                0x00000000080008bc                TIM4_IRQHandler
                0x00000000080008bc                I2C1_EV_IRQHandler
                0x00000000080008bc                DMA1_Channel6_IRQHandler
                0x00000000080008bc                TIM3_IRQHandler
                0x00000000080008bc                RCC_IRQHandler
                0x00000000080008bc                TIM1_TRG_COM_IRQHandler
                0x00000000080008bc                Default_Handler
                0x00000000080008bc                EXTI15_10_IRQHandler
                0x00000000080008bc                EXTI9_5_IRQHandler
                0x00000000080008bc                SPI2_IRQHandler
                0x00000000080008bc                DMA1_Channel5_IRQHandler
                0x00000000080008bc                EXTI4_IRQHandler
                0x00000000080008bc                USB_HP_CAN1_TX_IRQHandler
                0x00000000080008bc                DMA1_Channel3_IRQHandler
                0x00000000080008bc                TIM1_UP_IRQHandler
                0x00000000080008bc                WWDG_IRQHandler
                0x00000000080008bc                TIM1_BRK_IRQHandler
                0x00000000080008bc                EXTI1_IRQHandler
                0x00000000080008bc                USART2_IRQHandler
                0x00000000080008bc                I2C2_ER_IRQHandler
                0x00000000080008bc                DMA1_Channel2_IRQHandler
                0x00000000080008bc                CAN1_SCE_IRQHandler
                0x00000000080008bc                FLASH_IRQHandler
                0x00000000080008bc                USART1_IRQHandler
                0x00000000080008bc                I2C1_ER_IRQHandler
                0x00000000080008bc                USBWakeUp_IRQHandler
 *fill*         0x00000000080008be        0x2 
 .text.HAL_Init
                0x00000000080008c0       0x2c Drivers/STM32F1xx_HAL_Driver/Src/stm32f1xx_hal.o
                0x00000000080008c0                HAL_Init
 .text.HAL_InitTick
                0x00000000080008ec       0x60 Drivers/STM32F1xx_HAL_Driver/Src/stm32f1xx_hal.o
                0x00000000080008ec                HAL_InitTick
 .text.HAL_IncTick
                0x000000000800094c       0x24 Drivers/STM32F1xx_HAL_Driver/Src/stm32f1xx_hal.o
                0x000000000800094c                HAL_IncTick
 .text.HAL_GetTick
                0x0000000008000970       0x14 Drivers/STM32F1xx_HAL_Driver/Src/stm32f1xx_hal.o
                0x0000000008000970                HAL_GetTick
 .text.HAL_ADC_Init
                0x0000000008000984      0x1b0 Drivers/STM32F1xx_HAL_Driver/Src/stm32f1xx_hal_adc.o
                0x0000000008000984                HAL_ADC_Init
 .text.HAL_ADC_Start_DMA
                0x0000000008000b34      0x1bc Drivers/STM32F1xx_HAL_Driver/Src/stm32f1xx_hal_adc.o
                0x0000000008000b34                HAL_ADC_Start_DMA
 .text.HAL_ADC_ConvCpltCallback
                0x0000000008000cf0       0x12 Drivers/STM32F1xx_HAL_Driver/Src/stm32f1xx_hal_adc.o
                0x0000000008000cf0                HAL_ADC_ConvCpltCallback
 .text.HAL_ADC_ConvHalfCpltCallback
                0x0000000008000d02       0x12 Drivers/STM32F1xx_HAL_Driver/Src/stm32f1xx_hal_adc.o
                0x0000000008000d02                HAL_ADC_ConvHalfCpltCallback
 .text.HAL_ADC_ErrorCallback
                0x0000000008000d14       0x12 Drivers/STM32F1xx_HAL_Driver/Src/stm32f1xx_hal_adc.o
                0x0000000008000d14                HAL_ADC_ErrorCallback
 *fill*         0x0000000008000d26        0x2 
 .text.HAL_ADC_ConfigChannel
                0x0000000008000d28      0x1f0 Drivers/STM32F1xx_HAL_Driver/Src/stm32f1xx_hal_adc.o
                0x0000000008000d28                HAL_ADC_ConfigChannel
 .text.ADC_Enable
                0x0000000008000f18       0xa4 Drivers/STM32F1xx_HAL_Driver/Src/stm32f1xx_hal_adc.o
                0x0000000008000f18                ADC_Enable
 .text.ADC_ConversionStop_Disable
                0x0000000008000fbc       0x74 Drivers/STM32F1xx_HAL_Driver/Src/stm32f1xx_hal_adc.o
                0x0000000008000fbc                ADC_ConversionStop_Disable
 .text.ADC_DMAConvCplt
                0x0000000008001030       0x7c Drivers/STM32F1xx_HAL_Driver/Src/stm32f1xx_hal_adc.o
                0x0000000008001030                ADC_DMAConvCplt
 .text.ADC_DMAHalfConvCplt
                0x00000000080010ac       0x1c Drivers/STM32F1xx_HAL_Driver/Src/stm32f1xx_hal_adc.o
                0x00000000080010ac                ADC_DMAHalfConvCplt
 .text.ADC_DMAError
                0x00000000080010c8       0x34 Drivers/STM32F1xx_HAL_Driver/Src/stm32f1xx_hal_adc.o
                0x00000000080010c8                ADC_DMAError
 .text.__NVIC_SetPriorityGrouping
                0x00000000080010fc       0x48 Drivers/STM32F1xx_HAL_Driver/Src/stm32f1xx_hal_cortex.o
 .text.__NVIC_GetPriorityGrouping
                0x0000000008001144       0x1c Drivers/STM32F1xx_HAL_Driver/Src/stm32f1xx_hal_cortex.o
 .text.__NVIC_EnableIRQ
                0x0000000008001160       0x38 Drivers/STM32F1xx_HAL_Driver/Src/stm32f1xx_hal_cortex.o
 .text.__NVIC_SetPriority
                0x0000000008001198       0x54 Drivers/STM32F1xx_HAL_Driver/Src/stm32f1xx_hal_cortex.o
 .text.NVIC_EncodePriority
                0x00000000080011ec       0x64 Drivers/STM32F1xx_HAL_Driver/Src/stm32f1xx_hal_cortex.o
 .text.SysTick_Config
                0x0000000008001250       0x44 Drivers/STM32F1xx_HAL_Driver/Src/stm32f1xx_hal_cortex.o
 .text.HAL_NVIC_SetPriorityGrouping
                0x0000000008001294       0x16 Drivers/STM32F1xx_HAL_Driver/Src/stm32f1xx_hal_cortex.o
                0x0000000008001294                HAL_NVIC_SetPriorityGrouping
 .text.HAL_NVIC_SetPriority
                0x00000000080012aa       0x38 Drivers/STM32F1xx_HAL_Driver/Src/stm32f1xx_hal_cortex.o
                0x00000000080012aa                HAL_NVIC_SetPriority
 .text.HAL_NVIC_EnableIRQ
                0x00000000080012e2       0x1c Drivers/STM32F1xx_HAL_Driver/Src/stm32f1xx_hal_cortex.o
                0x00000000080012e2                HAL_NVIC_EnableIRQ
 .text.HAL_SYSTICK_Config
                0x00000000080012fe       0x18 Drivers/STM32F1xx_HAL_Driver/Src/stm32f1xx_hal_cortex.o
                0x00000000080012fe                HAL_SYSTICK_Config
 *fill*         0x0000000008001316        0x2 
 .text.HAL_DMA_Init
                0x0000000008001318       0xb4 Drivers/STM32F1xx_HAL_Driver/Src/stm32f1xx_hal_dma.o
                0x0000000008001318                HAL_DMA_Init
 .text.HAL_DMA_Start_IT
                0x00000000080013cc       0xbe Drivers/STM32F1xx_HAL_Driver/Src/stm32f1xx_hal_dma.o
                0x00000000080013cc                HAL_DMA_Start_IT
 *fill*         0x000000000800148a        0x2 
 .text.HAL_DMA_IRQHandler
                0x000000000800148c      0x20c Drivers/STM32F1xx_HAL_Driver/Src/stm32f1xx_hal_dma.o
                0x000000000800148c                HAL_DMA_IRQHandler
 .text.DMA_SetConfig
                0x0000000008001698       0x5a Drivers/STM32F1xx_HAL_Driver/Src/stm32f1xx_hal_dma.o
 *fill*         0x00000000080016f2        0x2 
 .text.HAL_GPIO_Init
                0x00000000080016f4      0x2b4 Drivers/STM32F1xx_HAL_Driver/Src/stm32f1xx_hal_gpio.o
                0x00000000080016f4                HAL_GPIO_Init
 .text.HAL_GPIO_WritePin
                0x00000000080019a8       0x30 Drivers/STM32F1xx_HAL_Driver/Src/stm32f1xx_hal_gpio.o
                0x00000000080019a8                HAL_GPIO_WritePin
 .text.HAL_PCD_Init
                0x00000000080019d8      0x216 Drivers/STM32F1xx_HAL_Driver/Src/stm32f1xx_hal_pcd.o
                0x00000000080019d8                HAL_PCD_Init
 .text.HAL_PCD_Start
                0x0000000008001bee       0x4c Drivers/STM32F1xx_HAL_Driver/Src/stm32f1xx_hal_pcd.o
                0x0000000008001bee                HAL_PCD_Start
 .text.HAL_PCD_IRQHandler
                0x0000000008001c3a      0x2aa Drivers/STM32F1xx_HAL_Driver/Src/stm32f1xx_hal_pcd.o
                0x0000000008001c3a                HAL_PCD_IRQHandler
 .text.HAL_PCD_SetAddress
                0x0000000008001ee4       0x4a Drivers/STM32F1xx_HAL_Driver/Src/stm32f1xx_hal_pcd.o
                0x0000000008001ee4                HAL_PCD_SetAddress
 .text.HAL_PCD_EP_Open
                0x0000000008001f2e       0xcc Drivers/STM32F1xx_HAL_Driver/Src/stm32f1xx_hal_pcd.o
                0x0000000008001f2e                HAL_PCD_EP_Open
 .text.HAL_PCD_EP_Close
                0x0000000008001ffa       0x90 Drivers/STM32F1xx_HAL_Driver/Src/stm32f1xx_hal_pcd.o
                0x0000000008001ffa                HAL_PCD_EP_Close
 .text.HAL_PCD_EP_Receive
                0x000000000800208a       0x7a Drivers/STM32F1xx_HAL_Driver/Src/stm32f1xx_hal_pcd.o
                0x000000000800208a                HAL_PCD_EP_Receive
 .text.HAL_PCD_EP_GetRxCount
                0x0000000008002104       0x2e Drivers/STM32F1xx_HAL_Driver/Src/stm32f1xx_hal_pcd.o
                0x0000000008002104                HAL_PCD_EP_GetRxCount
 .text.HAL_PCD_EP_Transmit
                0x0000000008002132       0x86 Drivers/STM32F1xx_HAL_Driver/Src/stm32f1xx_hal_pcd.o
                0x0000000008002132                HAL_PCD_EP_Transmit
 .text.HAL_PCD_EP_SetStall
                0x00000000080021b8       0xc0 Drivers/STM32F1xx_HAL_Driver/Src/stm32f1xx_hal_pcd.o
                0x00000000080021b8                HAL_PCD_EP_SetStall
 .text.HAL_PCD_EP_ClrStall
                0x0000000008002278       0xa8 Drivers/STM32F1xx_HAL_Driver/Src/stm32f1xx_hal_pcd.o
                0x0000000008002278                HAL_PCD_EP_ClrStall
 .text.PCD_EP_ISR_Handler
                0x0000000008002320      0x5e6 Drivers/STM32F1xx_HAL_Driver/Src/stm32f1xx_hal_pcd.o
 .text.HAL_PCD_EP_DB_Receive
                0x0000000008002906      0x21a Drivers/STM32F1xx_HAL_Driver/Src/stm32f1xx_hal_pcd.o
 .text.HAL_PCD_EP_DB_Transmit
                0x0000000008002b20      0x53a Drivers/STM32F1xx_HAL_Driver/Src/stm32f1xx_hal_pcd.o
 .text.HAL_PCDEx_PMAConfig
                0x000000000800305a       0x84 Drivers/STM32F1xx_HAL_Driver/Src/stm32f1xx_hal_pcd_ex.o
                0x000000000800305a                HAL_PCDEx_PMAConfig
 *fill*         0x00000000080030de        0x2 
 .text.HAL_RCC_OscConfig
                0x00000000080030e0      0x500 Drivers/STM32F1xx_HAL_Driver/Src/stm32f1xx_hal_rcc.o
                0x00000000080030e0                HAL_RCC_OscConfig
 .text.HAL_RCC_ClockConfig
                0x00000000080035e0      0x1d4 Drivers/STM32F1xx_HAL_Driver/Src/stm32f1xx_hal_rcc.o
                0x00000000080035e0                HAL_RCC_ClockConfig
 .text.HAL_RCC_GetSysClockFreq
                0x00000000080037b4       0xc4 Drivers/STM32F1xx_HAL_Driver/Src/stm32f1xx_hal_rcc.o
                0x00000000080037b4                HAL_RCC_GetSysClockFreq
 .text.RCC_Delay
                0x0000000008003878       0x3c Drivers/STM32F1xx_HAL_Driver/Src/stm32f1xx_hal_rcc.o
 .text.HAL_RCCEx_PeriphCLKConfig
                0x00000000080038b4      0x16c Drivers/STM32F1xx_HAL_Driver/Src/stm32f1xx_hal_rcc_ex.o
                0x00000000080038b4                HAL_RCCEx_PeriphCLKConfig
 .text.HAL_TIM_Base_Init
                0x0000000008003a20       0x9e Drivers/STM32F1xx_HAL_Driver/Src/stm32f1xx_hal_tim.o
                0x0000000008003a20                HAL_TIM_Base_Init
 .text.HAL_TIM_Base_Stop
                0x0000000008003abe       0x4c Drivers/STM32F1xx_HAL_Driver/Src/stm32f1xx_hal_tim.o
                0x0000000008003abe                HAL_TIM_Base_Stop
 *fill*         0x0000000008003b0a        0x2 
 .text.HAL_TIM_Base_Start_IT
                0x0000000008003b0c       0xa4 Drivers/STM32F1xx_HAL_Driver/Src/stm32f1xx_hal_tim.o
                0x0000000008003b0c                HAL_TIM_Base_Start_IT
 .text.HAL_TIM_IRQHandler
                0x0000000008003bb0      0x210 Drivers/STM32F1xx_HAL_Driver/Src/stm32f1xx_hal_tim.o
                0x0000000008003bb0                HAL_TIM_IRQHandler
 .text.HAL_TIM_ConfigClockSource
                0x0000000008003dc0      0x16e Drivers/STM32F1xx_HAL_Driver/Src/stm32f1xx_hal_tim.o
                0x0000000008003dc0                HAL_TIM_ConfigClockSource
 .text.HAL_TIM_OC_DelayElapsedCallback
                0x0000000008003f2e       0x12 Drivers/STM32F1xx_HAL_Driver/Src/stm32f1xx_hal_tim.o
                0x0000000008003f2e                HAL_TIM_OC_DelayElapsedCallback
 .text.HAL_TIM_IC_CaptureCallback
                0x0000000008003f40       0x12 Drivers/STM32F1xx_HAL_Driver/Src/stm32f1xx_hal_tim.o
                0x0000000008003f40                HAL_TIM_IC_CaptureCallback
 .text.HAL_TIM_PWM_PulseFinishedCallback
                0x0000000008003f52       0x12 Drivers/STM32F1xx_HAL_Driver/Src/stm32f1xx_hal_tim.o
                0x0000000008003f52                HAL_TIM_PWM_PulseFinishedCallback
 .text.HAL_TIM_TriggerCallback
                0x0000000008003f64       0x12 Drivers/STM32F1xx_HAL_Driver/Src/stm32f1xx_hal_tim.o
                0x0000000008003f64                HAL_TIM_TriggerCallback
 *fill*         0x0000000008003f76        0x2 
 .text.TIM_Base_SetConfig
                0x0000000008003f78       0xc4 Drivers/STM32F1xx_HAL_Driver/Src/stm32f1xx_hal_tim.o
                0x0000000008003f78                TIM_Base_SetConfig
 .text.TIM_TI1_ConfigInputStage
                0x000000000800403c       0x5c Drivers/STM32F1xx_HAL_Driver/Src/stm32f1xx_hal_tim.o
 .text.TIM_TI2_ConfigInputStage
                0x0000000008004098       0x5e Drivers/STM32F1xx_HAL_Driver/Src/stm32f1xx_hal_tim.o
 .text.TIM_ITRx_SetConfig
                0x00000000080040f6       0x34 Drivers/STM32F1xx_HAL_Driver/Src/stm32f1xx_hal_tim.o
 .text.TIM_ETR_SetConfig
                0x000000000800412a       0x3e Drivers/STM32F1xx_HAL_Driver/Src/stm32f1xx_hal_tim.o
                0x000000000800412a                TIM_ETR_SetConfig
 .text.HAL_TIMEx_MasterConfigSynchronization
                0x0000000008004168       0xbc Drivers/STM32F1xx_HAL_Driver/Src/stm32f1xx_hal_tim_ex.o
                0x0000000008004168                HAL_TIMEx_MasterConfigSynchronization
 .text.HAL_TIMEx_CommutCallback
                0x0000000008004224       0x12 Drivers/STM32F1xx_HAL_Driver/Src/stm32f1xx_hal_tim_ex.o
                0x0000000008004224                HAL_TIMEx_CommutCallback
 .text.HAL_TIMEx_BreakCallback
                0x0000000008004236       0x12 Drivers/STM32F1xx_HAL_Driver/Src/stm32f1xx_hal_tim_ex.o
                0x0000000008004236                HAL_TIMEx_BreakCallback
 .text.USB_CoreInit
                0x0000000008004248       0x20 Drivers/STM32F1xx_HAL_Driver/Src/stm32f1xx_ll_usb.o
                0x0000000008004248                USB_CoreInit
 .text.USB_EnableGlobalInt
                0x0000000008004268       0x2c Drivers/STM32F1xx_HAL_Driver/Src/stm32f1xx_ll_usb.o
                0x0000000008004268                USB_EnableGlobalInt
 .text.USB_DisableGlobalInt
                0x0000000008004294       0x34 Drivers/STM32F1xx_HAL_Driver/Src/stm32f1xx_ll_usb.o
                0x0000000008004294                USB_DisableGlobalInt
 .text.USB_SetCurrentMode
                0x00000000080042c8       0x18 Drivers/STM32F1xx_HAL_Driver/Src/stm32f1xx_ll_usb.o
                0x00000000080042c8                USB_SetCurrentMode
 .text.USB_DevInit
                0x00000000080042e0       0x40 Drivers/STM32F1xx_HAL_Driver/Src/stm32f1xx_ll_usb.o
                0x00000000080042e0                USB_DevInit
 .text.USB_ActivateEndpoint
                0x0000000008004320      0x6d4 Drivers/STM32F1xx_HAL_Driver/Src/stm32f1xx_ll_usb.o
                0x0000000008004320                USB_ActivateEndpoint
 .text.USB_DeactivateEndpoint
                0x00000000080049f4      0x3d8 Drivers/STM32F1xx_HAL_Driver/Src/stm32f1xx_ll_usb.o
                0x00000000080049f4                USB_DeactivateEndpoint
 .text.USB_EPStartXfer
                0x0000000008004dcc     0x1240 Drivers/STM32F1xx_HAL_Driver/Src/stm32f1xx_ll_usb.o
                0x0000000008004dcc                USB_EPStartXfer
 .text.USB_EPSetStall
                0x000000000800600c       0xa0 Drivers/STM32F1xx_HAL_Driver/Src/stm32f1xx_ll_usb.o
                0x000000000800600c                USB_EPSetStall
 .text.USB_EPClearStall
                0x00000000080060ac      0x15a Drivers/STM32F1xx_HAL_Driver/Src/stm32f1xx_ll_usb.o
                0x00000000080060ac                USB_EPClearStall
 .text.USB_SetDevAddress
                0x0000000008006206       0x26 Drivers/STM32F1xx_HAL_Driver/Src/stm32f1xx_ll_usb.o
                0x0000000008006206                USB_SetDevAddress
 .text.USB_DevConnect
                0x000000000800622c       0x14 Drivers/STM32F1xx_HAL_Driver/Src/stm32f1xx_ll_usb.o
                0x000000000800622c                USB_DevConnect
 .text.USB_DevDisconnect
                0x0000000008006240       0x14 Drivers/STM32F1xx_HAL_Driver/Src/stm32f1xx_ll_usb.o
                0x0000000008006240                USB_DevDisconnect
 .text.USB_ReadInterrupts
                0x0000000008006254       0x1e Drivers/STM32F1xx_HAL_Driver/Src/stm32f1xx_ll_usb.o
                0x0000000008006254                USB_ReadInterrupts
 .text.USB_EP0_OutStart
                0x0000000008006272       0x16 Drivers/STM32F1xx_HAL_Driver/Src/stm32f1xx_ll_usb.o
                0x0000000008006272                USB_EP0_OutStart
 .text.USB_WritePMA
                0x0000000008006288       0x88 Drivers/STM32F1xx_HAL_Driver/Src/stm32f1xx_ll_usb.o
                0x0000000008006288                USB_WritePMA
 .text.USB_ReadPMA
                0x0000000008006310       0x9e Drivers/STM32F1xx_HAL_Driver/Src/stm32f1xx_ll_usb.o
                0x0000000008006310                USB_ReadPMA
 .text.USBD_CDC_Init
                0x00000000080063ae       0xf4 Middlewares/ST/STM32_USB_Device_Library/Class/CDC/Src/usbd_cdc.o
 .text.USBD_CDC_DeInit
                0x00000000080064a2       0x6e Middlewares/ST/STM32_USB_Device_Library/Class/CDC/Src/usbd_cdc.o
 .text.USBD_CDC_Setup
                0x0000000008006510      0x140 Middlewares/ST/STM32_USB_Device_Library/Class/CDC/Src/usbd_cdc.o
 .text.USBD_CDC_DataIn
                0x0000000008006650       0xa6 Middlewares/ST/STM32_USB_Device_Library/Class/CDC/Src/usbd_cdc.o
 .text.USBD_CDC_DataOut
                0x00000000080066f6       0x56 Middlewares/ST/STM32_USB_Device_Library/Class/CDC/Src/usbd_cdc.o
 .text.USBD_CDC_EP0_RxReady
                0x000000000800674c       0x50 Middlewares/ST/STM32_USB_Device_Library/Class/CDC/Src/usbd_cdc.o
 .text.USBD_CDC_GetFSCfgDesc
                0x000000000800679c       0x20 Middlewares/ST/STM32_USB_Device_Library/Class/CDC/Src/usbd_cdc.o
 .text.USBD_CDC_GetHSCfgDesc
                0x00000000080067bc       0x20 Middlewares/ST/STM32_USB_Device_Library/Class/CDC/Src/usbd_cdc.o
 .text.USBD_CDC_GetOtherSpeedCfgDesc
                0x00000000080067dc       0x20 Middlewares/ST/STM32_USB_Device_Library/Class/CDC/Src/usbd_cdc.o
 .text.USBD_CDC_GetDeviceQualifierDescriptor
                0x00000000080067fc       0x20 Middlewares/ST/STM32_USB_Device_Library/Class/CDC/Src/usbd_cdc.o
                0x00000000080067fc                USBD_CDC_GetDeviceQualifierDescriptor
 .text.USBD_CDC_RegisterInterface
                0x000000000800681c       0x2c Middlewares/ST/STM32_USB_Device_Library/Class/CDC/Src/usbd_cdc.o
                0x000000000800681c                USBD_CDC_RegisterInterface
 .text.USBD_CDC_SetTxBuffer
                0x0000000008006848       0x32 Middlewares/ST/STM32_USB_Device_Library/Class/CDC/Src/usbd_cdc.o
                0x0000000008006848                USBD_CDC_SetTxBuffer
 .text.USBD_CDC_SetRxBuffer
                0x000000000800687a       0x26 Middlewares/ST/STM32_USB_Device_Library/Class/CDC/Src/usbd_cdc.o
                0x000000000800687a                USBD_CDC_SetRxBuffer
 .text.USBD_CDC_TransmitPacket
                0x00000000080068a0       0x5e Middlewares/ST/STM32_USB_Device_Library/Class/CDC/Src/usbd_cdc.o
                0x00000000080068a0                USBD_CDC_TransmitPacket
 .text.USBD_CDC_ReceivePacket
                0x00000000080068fe       0x54 Middlewares/ST/STM32_USB_Device_Library/Class/CDC/Src/usbd_cdc.o
                0x00000000080068fe                USBD_CDC_ReceivePacket
 .text.USBD_Init
                0x0000000008006952       0x56 Middlewares/ST/STM32_USB_Device_Library/Core/Src/usbd_core.o
                0x0000000008006952                USBD_Init
 .text.USBD_RegisterClass
                0x00000000080069a8       0x32 Middlewares/ST/STM32_USB_Device_Library/Core/Src/usbd_core.o
                0x00000000080069a8                USBD_RegisterClass
 .text.USBD_Start
                0x00000000080069da       0x18 Middlewares/ST/STM32_USB_Device_Library/Core/Src/usbd_core.o
                0x00000000080069da                USBD_Start
 .text.USBD_RunTestMode
                0x00000000080069f2       0x14 Middlewares/ST/STM32_USB_Device_Library/Core/Src/usbd_core.o
                0x00000000080069f2                USBD_RunTestMode
 .text.USBD_SetClassConfig
                0x0000000008006a06       0x3e Middlewares/ST/STM32_USB_Device_Library/Core/Src/usbd_core.o
                0x0000000008006a06                USBD_SetClassConfig
 .text.USBD_ClrClassConfig
                0x0000000008006a44       0x26 Middlewares/ST/STM32_USB_Device_Library/Core/Src/usbd_core.o
                0x0000000008006a44                USBD_ClrClassConfig
 .text.USBD_LL_SetupStage
                0x0000000008006a6a       0x96 Middlewares/ST/STM32_USB_Device_Library/Core/Src/usbd_core.o
                0x0000000008006a6a                USBD_LL_SetupStage
 .text.USBD_LL_DataOutStage
                0x0000000008006b00       0xe2 Middlewares/ST/STM32_USB_Device_Library/Core/Src/usbd_core.o
                0x0000000008006b00                USBD_LL_DataOutStage
 .text.USBD_LL_DataInStage
                0x0000000008006be2      0x14a Middlewares/ST/STM32_USB_Device_Library/Core/Src/usbd_core.o
                0x0000000008006be2                USBD_LL_DataInStage
 .text.USBD_LL_Reset
                0x0000000008006d2c       0x82 Middlewares/ST/STM32_USB_Device_Library/Core/Src/usbd_core.o
                0x0000000008006d2c                USBD_LL_Reset
 .text.USBD_LL_SetSpeed
                0x0000000008006dae       0x1e Middlewares/ST/STM32_USB_Device_Library/Core/Src/usbd_core.o
                0x0000000008006dae                USBD_LL_SetSpeed
 .text.USBD_LL_Suspend
                0x0000000008006dcc       0x28 Middlewares/ST/STM32_USB_Device_Library/Core/Src/usbd_core.o
                0x0000000008006dcc                USBD_LL_Suspend
 .text.USBD_LL_Resume
                0x0000000008006df4       0x2a Middlewares/ST/STM32_USB_Device_Library/Core/Src/usbd_core.o
                0x0000000008006df4                USBD_LL_Resume
 .text.USBD_LL_SOF
                0x0000000008006e1e       0x34 Middlewares/ST/STM32_USB_Device_Library/Core/Src/usbd_core.o
                0x0000000008006e1e                USBD_LL_SOF
 *fill*         0x0000000008006e52        0x2 
 .text.USBD_StdDevReq
                0x0000000008006e54       0xd4 Middlewares/ST/STM32_USB_Device_Library/Core/Src/usbd_ctlreq.o
                0x0000000008006e54                USBD_StdDevReq
 .text.USBD_StdItfReq
                0x0000000008006f28       0x8c Middlewares/ST/STM32_USB_Device_Library/Core/Src/usbd_ctlreq.o
                0x0000000008006f28                USBD_StdItfReq
 .text.USBD_StdEPReq
                0x0000000008006fb4      0x2ba Middlewares/ST/STM32_USB_Device_Library/Core/Src/usbd_ctlreq.o
                0x0000000008006fb4                USBD_StdEPReq
 *fill*         0x000000000800726e        0x2 
 .text.USBD_GetDescriptor
                0x0000000008007270      0x2d0 Middlewares/ST/STM32_USB_Device_Library/Core/Src/usbd_ctlreq.o
 .text.USBD_SetAddress
                0x0000000008007540       0x84 Middlewares/ST/STM32_USB_Device_Library/Core/Src/usbd_ctlreq.o
 .text.USBD_SetConfig
                0x00000000080075c4      0x11c Middlewares/ST/STM32_USB_Device_Library/Core/Src/usbd_ctlreq.o
 .text.USBD_GetConfig
                0x00000000080076e0       0x68 Middlewares/ST/STM32_USB_Device_Library/Core/Src/usbd_ctlreq.o
 .text.USBD_GetStatus
                0x0000000008007748       0x66 Middlewares/ST/STM32_USB_Device_Library/Core/Src/usbd_ctlreq.o
 .text.USBD_SetFeature
                0x00000000080077ae       0x28 Middlewares/ST/STM32_USB_Device_Library/Core/Src/usbd_ctlreq.o
 .text.USBD_ClrFeature
                0x00000000080077d6       0x42 Middlewares/ST/STM32_USB_Device_Library/Core/Src/usbd_ctlreq.o
 .text.USBD_ParseSetupRequest
                0x0000000008007818       0x78 Middlewares/ST/STM32_USB_Device_Library/Core/Src/usbd_ctlreq.o
                0x0000000008007818                USBD_ParseSetupRequest
 .text.USBD_CtlError
                0x0000000008007890       0x22 Middlewares/ST/STM32_USB_Device_Library/Core/Src/usbd_ctlreq.o
                0x0000000008007890                USBD_CtlError
 .text.USBD_GetString
                0x00000000080078b2       0x84 Middlewares/ST/STM32_USB_Device_Library/Core/Src/usbd_ctlreq.o
                0x00000000080078b2                USBD_GetString
 .text.USBD_GetLen
                0x0000000008007936       0x2e Middlewares/ST/STM32_USB_Device_Library/Core/Src/usbd_ctlreq.o
 .text.USBD_CtlSendData
                0x0000000008007964       0x38 Middlewares/ST/STM32_USB_Device_Library/Core/Src/usbd_ioreq.o
                0x0000000008007964                USBD_CtlSendData
 .text.USBD_CtlContinueSendData
                0x000000000800799c       0x24 Middlewares/ST/STM32_USB_Device_Library/Core/Src/usbd_ioreq.o
                0x000000000800799c                USBD_CtlContinueSendData
 .text.USBD_CtlPrepareRx
                0x00000000080079c0       0x3c Middlewares/ST/STM32_USB_Device_Library/Core/Src/usbd_ioreq.o
                0x00000000080079c0                USBD_CtlPrepareRx
 .text.USBD_CtlContinueRx
                0x00000000080079fc       0x24 Middlewares/ST/STM32_USB_Device_Library/Core/Src/usbd_ioreq.o
                0x00000000080079fc                USBD_CtlContinueRx
 .text.USBD_CtlSendStatus
                0x0000000008007a20       0x26 Middlewares/ST/STM32_USB_Device_Library/Core/Src/usbd_ioreq.o
                0x0000000008007a20                USBD_CtlSendStatus
 .text.USBD_CtlReceiveStatus
                0x0000000008007a46       0x26 Middlewares/ST/STM32_USB_Device_Library/Core/Src/usbd_ioreq.o
                0x0000000008007a46                USBD_CtlReceiveStatus
 .text.MX_USB_DEVICE_Init
                0x0000000008007a6c       0x60 USB_DEVICE/App/usb_device.o
                0x0000000008007a6c                MX_USB_DEVICE_Init
 .text.CDC_Init_FS
                0x0000000008007acc       0x28 USB_DEVICE/App/usbd_cdc_if.o
 .text.CDC_DeInit_FS
                0x0000000008007af4        0xe USB_DEVICE/App/usbd_cdc_if.o
 *fill*         0x0000000008007b02        0x2 
 .text.CDC_Control_FS
                0x0000000008007b04       0xbc USB_DEVICE/App/usbd_cdc_if.o
 .text.CDC_Receive_FS
                0x0000000008007bc0       0xb4 USB_DEVICE/App/usbd_cdc_if.o
 .text.CDC_Transmit_FS
                0x0000000008007c74       0x4c USB_DEVICE/App/usbd_cdc_if.o
                0x0000000008007c74                CDC_Transmit_FS
 .text.USBD_FS_DeviceDescriptor
                0x0000000008007cc0       0x24 USB_DEVICE/App/usbd_desc.o
                0x0000000008007cc0                USBD_FS_DeviceDescriptor
 .text.USBD_FS_LangIDStrDescriptor
                0x0000000008007ce4       0x24 USB_DEVICE/App/usbd_desc.o
                0x0000000008007ce4                USBD_FS_LangIDStrDescriptor
 .text.USBD_FS_ProductStrDescriptor
                0x0000000008007d08       0x3c USB_DEVICE/App/usbd_desc.o
                0x0000000008007d08                USBD_FS_ProductStrDescriptor
 .text.USBD_FS_ManufacturerStrDescriptor
                0x0000000008007d44       0x28 USB_DEVICE/App/usbd_desc.o
                0x0000000008007d44                USBD_FS_ManufacturerStrDescriptor
 .text.USBD_FS_SerialStrDescriptor
                0x0000000008007d6c       0x24 USB_DEVICE/App/usbd_desc.o
                0x0000000008007d6c                USBD_FS_SerialStrDescriptor
 .text.USBD_FS_ConfigStrDescriptor
                0x0000000008007d90       0x3c USB_DEVICE/App/usbd_desc.o
                0x0000000008007d90                USBD_FS_ConfigStrDescriptor
 .text.USBD_FS_InterfaceStrDescriptor
                0x0000000008007dcc       0x3c USB_DEVICE/App/usbd_desc.o
                0x0000000008007dcc                USBD_FS_InterfaceStrDescriptor
 .text.Get_SerialNum
                0x0000000008007e08       0x58 USB_DEVICE/App/usbd_desc.o
 .text.IntToUnicode
                0x0000000008007e60       0x7a USB_DEVICE/App/usbd_desc.o
 *fill*         0x0000000008007eda        0x2 
 .text.HAL_PCD_MspInit
                0x0000000008007edc       0x4c USB_DEVICE/Target/usbd_conf.o
                0x0000000008007edc                HAL_PCD_MspInit
 .text.HAL_PCD_SetupStageCallback
                0x0000000008007f28       0x24 USB_DEVICE/Target/usbd_conf.o
                0x0000000008007f28                HAL_PCD_SetupStageCallback
 .text.HAL_PCD_DataOutStageCallback
                0x0000000008007f4c       0x36 USB_DEVICE/Target/usbd_conf.o
                0x0000000008007f4c                HAL_PCD_DataOutStageCallback
 .text.HAL_PCD_DataInStageCallback
                0x0000000008007f82       0x34 USB_DEVICE/Target/usbd_conf.o
                0x0000000008007f82                HAL_PCD_DataInStageCallback
 .text.HAL_PCD_SOFCallback
                0x0000000008007fb6       0x1c USB_DEVICE/Target/usbd_conf.o
                0x0000000008007fb6                HAL_PCD_SOFCallback
 .text.HAL_PCD_ResetCallback
                0x0000000008007fd2       0x3c USB_DEVICE/Target/usbd_conf.o
                0x0000000008007fd2                HAL_PCD_ResetCallback
 *fill*         0x000000000800800e        0x2 
 .text.HAL_PCD_SuspendCallback
                0x0000000008008010       0x34 USB_DEVICE/Target/usbd_conf.o
                0x0000000008008010                HAL_PCD_SuspendCallback
 .text.HAL_PCD_ResumeCallback
                0x0000000008008044       0x1c USB_DEVICE/Target/usbd_conf.o
                0x0000000008008044                HAL_PCD_ResumeCallback
 .text.USBD_LL_Init
                0x0000000008008060       0xb4 USB_DEVICE/Target/usbd_conf.o
                0x0000000008008060                USBD_LL_Init
 .text.USBD_LL_Start
                0x0000000008008114       0x36 USB_DEVICE/Target/usbd_conf.o
                0x0000000008008114                USBD_LL_Start
 .text.USBD_LL_OpenEP
                0x000000000800814a       0x4c USB_DEVICE/Target/usbd_conf.o
                0x000000000800814a                USBD_LL_OpenEP
 .text.USBD_LL_CloseEP
                0x0000000008008196       0x3e USB_DEVICE/Target/usbd_conf.o
                0x0000000008008196                USBD_LL_CloseEP
 .text.USBD_LL_StallEP
                0x00000000080081d4       0x3e USB_DEVICE/Target/usbd_conf.o
                0x00000000080081d4                USBD_LL_StallEP
 .text.USBD_LL_ClearStallEP
                0x0000000008008212       0x3e USB_DEVICE/Target/usbd_conf.o
                0x0000000008008212                USBD_LL_ClearStallEP
 .text.USBD_LL_IsStallEP
                0x0000000008008250       0x58 USB_DEVICE/Target/usbd_conf.o
                0x0000000008008250                USBD_LL_IsStallEP
 .text.USBD_LL_SetUSBAddress
                0x00000000080082a8       0x3e USB_DEVICE/Target/usbd_conf.o
                0x00000000080082a8                USBD_LL_SetUSBAddress
 .text.USBD_LL_Transmit
                0x00000000080082e6       0x46 USB_DEVICE/Target/usbd_conf.o
                0x00000000080082e6                USBD_LL_Transmit
 .text.USBD_LL_PrepareReceive
                0x000000000800832c       0x46 USB_DEVICE/Target/usbd_conf.o
                0x000000000800832c                USBD_LL_PrepareReceive
 .text.USBD_LL_GetRxDataSize
                0x0000000008008372       0x26 USB_DEVICE/Target/usbd_conf.o
                0x0000000008008372                USBD_LL_GetRxDataSize
 .text.USBD_static_malloc
                0x0000000008008398       0x18 USB_DEVICE/Target/usbd_conf.o
                0x0000000008008398                USBD_static_malloc
 .text.USBD_static_free
                0x00000000080083b0       0x12 USB_DEVICE/Target/usbd_conf.o
                0x00000000080083b0                USBD_static_free
 .text.HAL_PCDEx_SetConnectionState
                0x00000000080083c2       0x16 USB_DEVICE/Target/usbd_conf.o
                0x00000000080083c2                HAL_PCDEx_SetConnectionState
 .text.USBD_Get_USB_Status
                0x00000000080083d8       0x58 USB_DEVICE/Target/usbd_conf.o
 .text.__libc_init_array
                0x0000000008008430       0x48 /opt/st/stm32cubeide_1.5.0/plugins/com.st.stm32cube.ide.mcu.externaltools.gnu-tools-for-stm32.7-2018-q2-update.linux64_1.5.0.202011040924/tools/bin/../lib/gcc/arm-none-eabi/7.3.1/../../../../arm-none-eabi/lib/thumb/v7-m/libc_nano.a(lib_a-init.o)
                0x0000000008008430                __libc_init_array
 .text.memset   0x0000000008008478       0x10 /opt/st/stm32cubeide_1.5.0/plugins/com.st.stm32cube.ide.mcu.externaltools.gnu-tools-for-stm32.7-2018-q2-update.linux64_1.5.0.202011040924/tools/bin/../lib/gcc/arm-none-eabi/7.3.1/../../../../arm-none-eabi/lib/thumb/v7-m/libc_nano.a(lib_a-memset.o)
                0x0000000008008478                memset
 *(.glue_7)
 .glue_7        0x0000000008008488        0x0 linker stubs
 *(.glue_7t)
 .glue_7t       0x0000000008008488        0x0 linker stubs
 *(.eh_frame)
 .eh_frame      0x0000000008008488        0x0 /opt/st/stm32cubeide_1.5.0/plugins/com.st.stm32cube.ide.mcu.externaltools.gnu-tools-for-stm32.7-2018-q2-update.linux64_1.5.0.202011040924/tools/bin/../lib/gcc/arm-none-eabi/7.3.1/thumb/v7-m/crtbegin.o
 *(.init)
 .init          0x0000000008008488        0x4 /opt/st/stm32cubeide_1.5.0/plugins/com.st.stm32cube.ide.mcu.externaltools.gnu-tools-for-stm32.7-2018-q2-update.linux64_1.5.0.202011040924/tools/bin/../lib/gcc/arm-none-eabi/7.3.1/thumb/v7-m/crti.o
                0x0000000008008488                _init
 .init          0x000000000800848c        0x8 /opt/st/stm32cubeide_1.5.0/plugins/com.st.stm32cube.ide.mcu.externaltools.gnu-tools-for-stm32.7-2018-q2-update.linux64_1.5.0.202011040924/tools/bin/../lib/gcc/arm-none-eabi/7.3.1/thumb/v7-m/crtn.o
 *(.fini)
 .fini          0x0000000008008494        0x4 /opt/st/stm32cubeide_1.5.0/plugins/com.st.stm32cube.ide.mcu.externaltools.gnu-tools-for-stm32.7-2018-q2-update.linux64_1.5.0.202011040924/tools/bin/../lib/gcc/arm-none-eabi/7.3.1/thumb/v7-m/crti.o
                0x0000000008008494                _fini
 .fini          0x0000000008008498        0x8 /opt/st/stm32cubeide_1.5.0/plugins/com.st.stm32cube.ide.mcu.externaltools.gnu-tools-for-stm32.7-2018-q2-update.linux64_1.5.0.202011040924/tools/bin/../lib/gcc/arm-none-eabi/7.3.1/thumb/v7-m/crtn.o
                0x00000000080084a0                . = ALIGN (0x4)
                0x00000000080084a0                _etext = .

.vfp11_veneer   0x00000000080084a0        0x0
 .vfp11_veneer  0x00000000080084a0        0x0 linker stubs

.v4_bx          0x00000000080084a0        0x0
 .v4_bx         0x00000000080084a0        0x0 linker stubs

.iplt           0x00000000080084a0        0x0
 .iplt          0x00000000080084a0        0x0 /opt/st/stm32cubeide_1.5.0/plugins/com.st.stm32cube.ide.mcu.externaltools.gnu-tools-for-stm32.7-2018-q2-update.linux64_1.5.0.202011040924/tools/bin/../lib/gcc/arm-none-eabi/7.3.1/thumb/v7-m/crtbegin.o

.rodata         0x00000000080084a0       0x6c
                0x00000000080084a0                . = ALIGN (0x4)
 *(.rodata)
 .rodata        0x00000000080084a0       0x12 Drivers/STM32F1xx_HAL_Driver/Src/stm32f1xx_hal_rcc.o
 *fill*         0x00000000080084b2        0x2 
 .rodata        0x00000000080084b4       0x46 USB_DEVICE/App/usbd_desc.o
 *(.rodata*)
 *fill*         0x00000000080084fa        0x2 
 .rodata.AHBPrescTable
                0x00000000080084fc       0x10 Core/Src/system_stm32f1xx.o
                0x00000000080084fc                AHBPrescTable
                0x000000000800850c                . = ALIGN (0x4)

.rel.dyn        0x000000000800850c        0x0
 .rel.iplt      0x000000000800850c        0x0 /opt/st/stm32cubeide_1.5.0/plugins/com.st.stm32cube.ide.mcu.externaltools.gnu-tools-for-stm32.7-2018-q2-update.linux64_1.5.0.202011040924/tools/bin/../lib/gcc/arm-none-eabi/7.3.1/thumb/v7-m/crtbegin.o

.ARM.extab      0x000000000800850c        0x0
                0x000000000800850c                . = ALIGN (0x4)
 *(.ARM.extab* .gnu.linkonce.armextab.*)
                0x000000000800850c                . = ALIGN (0x4)

.ARM            0x000000000800850c        0x0
                0x000000000800850c                . = ALIGN (0x4)
                0x000000000800850c                __exidx_start = .
 *(.ARM.exidx*)
                0x000000000800850c                __exidx_end = .
                0x000000000800850c                . = ALIGN (0x4)

.preinit_array  0x000000000800850c        0x0
                0x000000000800850c                . = ALIGN (0x4)
                0x000000000800850c                PROVIDE (__preinit_array_start = .)
 *(.preinit_array*)
                0x000000000800850c                PROVIDE (__preinit_array_end = .)
                0x000000000800850c                . = ALIGN (0x4)

.init_array     0x000000000800850c        0x4
                0x000000000800850c                . = ALIGN (0x4)
                0x000000000800850c                PROVIDE (__init_array_start = .)
 *(SORT_BY_NAME(.init_array.*))
 *(.init_array*)
 .init_array    0x000000000800850c        0x4 /opt/st/stm32cubeide_1.5.0/plugins/com.st.stm32cube.ide.mcu.externaltools.gnu-tools-for-stm32.7-2018-q2-update.linux64_1.5.0.202011040924/tools/bin/../lib/gcc/arm-none-eabi/7.3.1/thumb/v7-m/crtbegin.o
                0x0000000008008510                PROVIDE (__init_array_end = .)
                0x0000000008008510                . = ALIGN (0x4)

.fini_array     0x0000000008008510        0x4
                0x0000000008008510                . = ALIGN (0x4)
                [!provide]                        PROVIDE (__fini_array_start = .)
 *(SORT_BY_NAME(.fini_array.*))
 *(.fini_array*)
 .fini_array    0x0000000008008510        0x4 /opt/st/stm32cubeide_1.5.0/plugins/com.st.stm32cube.ide.mcu.externaltools.gnu-tools-for-stm32.7-2018-q2-update.linux64_1.5.0.202011040924/tools/bin/../lib/gcc/arm-none-eabi/7.3.1/thumb/v7-m/crtbegin.o
                [!provide]                        PROVIDE (__fini_array_end = .)
                0x0000000008008514                . = ALIGN (0x4)
                0x0000000008008514                _sidata = LOADADDR (.data)

.data           0x0000000020000000      0x17c load address 0x0000000008008514
                0x0000000020000000                . = ALIGN (0x4)
                0x0000000020000000                _sdata = .
 *(.data)
 *(.data*)
 .data.SystemCoreClock
                0x0000000020000000        0x4 Core/Src/system_stm32f1xx.o
                0x0000000020000000                SystemCoreClock
 .data.uwTickPrio
                0x0000000020000004        0x4 Drivers/STM32F1xx_HAL_Driver/Src/stm32f1xx_hal.o
                0x0000000020000004                uwTickPrio
 .data.uwTickFreq
                0x0000000020000008        0x1 Drivers/STM32F1xx_HAL_Driver/Src/stm32f1xx_hal.o
                0x0000000020000008                uwTickFreq
 *fill*         0x0000000020000009        0x3 
 .data.USBD_CDC_DeviceQualifierDesc
                0x000000002000000c        0xa Middlewares/ST/STM32_USB_Device_Library/Class/CDC/Src/usbd_cdc.o
 *fill*         0x0000000020000016        0x2 
 .data.USBD_CDC
                0x0000000020000018       0x38 Middlewares/ST/STM32_USB_Device_Library/Class/CDC/Src/usbd_cdc.o
                0x0000000020000018                USBD_CDC
 .data.USBD_CDC_CfgHSDesc
                0x0000000020000050       0x43 Middlewares/ST/STM32_USB_Device_Library/Class/CDC/Src/usbd_cdc.o
                0x0000000020000050                USBD_CDC_CfgHSDesc
 *fill*         0x0000000020000093        0x1 
 .data.USBD_CDC_CfgFSDesc
                0x0000000020000094       0x43 Middlewares/ST/STM32_USB_Device_Library/Class/CDC/Src/usbd_cdc.o
                0x0000000020000094                USBD_CDC_CfgFSDesc
 *fill*         0x00000000200000d7        0x1 
 .data.USBD_CDC_OtherSpeedCfgDesc
                0x00000000200000d8       0x43 Middlewares/ST/STM32_USB_Device_Library/Class/CDC/Src/usbd_cdc.o
                0x00000000200000d8                USBD_CDC_OtherSpeedCfgDesc
 *fill*         0x000000002000011b        0x1 
 .data.USBD_Interface_fops_FS
                0x000000002000011c       0x10 USB_DEVICE/App/usbd_cdc_if.o
                0x000000002000011c                USBD_Interface_fops_FS
 .data.FS_Desc  0x000000002000012c       0x1c USB_DEVICE/App/usbd_desc.o
                0x000000002000012c                FS_Desc
 .data.USBD_FS_DeviceDesc
                0x0000000020000148       0x12 USB_DEVICE/App/usbd_desc.o
                0x0000000020000148                USBD_FS_DeviceDesc
 *fill*         0x000000002000015a        0x2 
 .data.USBD_LangIDDesc
                0x000000002000015c        0x4 USB_DEVICE/App/usbd_desc.o
                0x000000002000015c                USBD_LangIDDesc
 .data.USBD_StringSerial
                0x0000000020000160       0x1a USB_DEVICE/App/usbd_desc.o
                0x0000000020000160                USBD_StringSerial
 *(.RamFunc)
 *(.RamFunc*)
                0x000000002000017c                . = ALIGN (0x4)
 *fill*         0x000000002000017a        0x2 
                0x000000002000017c                _edata = .

.igot.plt       0x000000002000017c        0x0 load address 0x0000000008008690
 .igot.plt      0x000000002000017c        0x0 /opt/st/stm32cubeide_1.5.0/plugins/com.st.stm32cube.ide.mcu.externaltools.gnu-tools-for-stm32.7-2018-q2-update.linux64_1.5.0.202011040924/tools/bin/../lib/gcc/arm-none-eabi/7.3.1/thumb/v7-m/crtbegin.o
                0x000000002000017c                . = ALIGN (0x4)

.bss            0x000000002000017c     0x39ec load address 0x0000000008008690
                0x000000002000017c                _sbss = .
                0x000000002000017c                __bss_start__ = _sbss
 *(.bss)
 .bss           0x000000002000017c       0x1c /opt/st/stm32cubeide_1.5.0/plugins/com.st.stm32cube.ide.mcu.externaltools.gnu-tools-for-stm32.7-2018-q2-update.linux64_1.5.0.202011040924/tools/bin/../lib/gcc/arm-none-eabi/7.3.1/thumb/v7-m/crtbegin.o
 *(.bss*)
 .bss.mode      0x0000000020000198        0x1 Core/Src/main.o
                0x0000000020000198                mode
 *fill*         0x0000000020000199        0x3 
 .bss.RX_FIFO   0x000000002000019c       0x48 Core/Src/main.o
                0x000000002000019c                RX_FIFO
 .bss.cfgidx.8295
                0x00000000200001e4        0x1 Middlewares/ST/STM32_USB_Device_Library/Core/Src/usbd_ctlreq.o
 *fill*         0x00000000200001e5        0x3 
 .bss.mem.8363  0x00000000200001e8      0x220 USB_DEVICE/Target/usbd_conf.o
 *(COMMON)
 COMMON         0x0000000020000408     0x27dc Core/Src/main.o
                0x0000000020000408                hadc1
                0x0000000020000438                hdma_adc1
                0x000000002000047c                rxBuffer
                0x0000000020000480                time
                0x0000000020000484                triggerLevel
                0x0000000020000488                adcSamples
                0x0000000020002b9c                htim2
 COMMON         0x0000000020002be4        0x4 Drivers/STM32F1xx_HAL_Driver/Src/stm32f1xx_hal.o
                0x0000000020002be4                uwTick
 COMMON         0x0000000020002be8      0x2c4 USB_DEVICE/App/usb_device.o
                0x0000000020002be8                hUsbDeviceFS
 COMMON         0x0000000020002eac      0x7d0 USB_DEVICE/App/usbd_cdc_if.o
                0x0000000020002eac                UserRxBufferFS
                0x0000000020003294                UserTxBufferFS
 COMMON         0x000000002000367c      0x200 USB_DEVICE/App/usbd_desc.o
                0x000000002000367c                USBD_StrDesc
 COMMON         0x000000002000387c      0x2ec USB_DEVICE/Target/usbd_conf.o
                0x000000002000387c                hpcd_USB_FS
                0x0000000020003b68                . = ALIGN (0x4)
                0x0000000020003b68                _ebss = .
                0x0000000020003b68                __bss_end__ = _ebss

._user_heap_stack
                0x0000000020003b68      0x600 load address 0x0000000008008690
                0x0000000020003b68                . = ALIGN (0x8)
                [!provide]                        PROVIDE (end = .)
                0x0000000020003b68                PROVIDE (_end = .)
                0x0000000020003d68                . = (. + _Min_Heap_Size)
 *fill*         0x0000000020003b68      0x200 
                0x0000000020004168                . = (. + _Min_Stack_Size)
 *fill*         0x0000000020003d68      0x400 
                0x0000000020004168                . = ALIGN (0x8)

/DISCARD/
 libc.a(*)
 libm.a(*)
 libgcc.a(*)

.ARM.attributes
                0x0000000000000000       0x29
 *(.ARM.attributes)
 .ARM.attributes
                0x0000000000000000       0x1d /opt/st/stm32cubeide_1.5.0/plugins/com.st.stm32cube.ide.mcu.externaltools.gnu-tools-for-stm32.7-2018-q2-update.linux64_1.5.0.202011040924/tools/bin/../lib/gcc/arm-none-eabi/7.3.1/thumb/v7-m/crti.o
 .ARM.attributes
                0x000000000000001d       0x2d /opt/st/stm32cubeide_1.5.0/plugins/com.st.stm32cube.ide.mcu.externaltools.gnu-tools-for-stm32.7-2018-q2-update.linux64_1.5.0.202011040924/tools/bin/../lib/gcc/arm-none-eabi/7.3.1/thumb/v7-m/crtbegin.o
 .ARM.attributes
                0x000000000000004a       0x33 Core/Src/main.o
 .ARM.attributes
                0x000000000000007d       0x33 Core/Src/stm32f1xx_hal_msp.o
 .ARM.attributes
                0x00000000000000b0       0x33 Core/Src/stm32f1xx_it.o
 .ARM.attributes
                0x00000000000000e3       0x33 Core/Src/system_stm32f1xx.o
 .ARM.attributes
                0x0000000000000116       0x21 Core/Startup/startup_stm32f103c8tx.o
 .ARM.attributes
                0x0000000000000137       0x33 Drivers/STM32F1xx_HAL_Driver/Src/stm32f1xx_hal.o
 .ARM.attributes
                0x000000000000016a       0x33 Drivers/STM32F1xx_HAL_Driver/Src/stm32f1xx_hal_adc.o
 .ARM.attributes
                0x000000000000019d       0x33 Drivers/STM32F1xx_HAL_Driver/Src/stm32f1xx_hal_cortex.o
 .ARM.attributes
                0x00000000000001d0       0x33 Drivers/STM32F1xx_HAL_Driver/Src/stm32f1xx_hal_dma.o
 .ARM.attributes
                0x0000000000000203       0x33 Drivers/STM32F1xx_HAL_Driver/Src/stm32f1xx_hal_gpio.o
 .ARM.attributes
                0x0000000000000236       0x33 Drivers/STM32F1xx_HAL_Driver/Src/stm32f1xx_hal_pcd.o
 .ARM.attributes
                0x0000000000000269       0x33 Drivers/STM32F1xx_HAL_Driver/Src/stm32f1xx_hal_pcd_ex.o
 .ARM.attributes
                0x000000000000029c       0x33 Drivers/STM32F1xx_HAL_Driver/Src/stm32f1xx_hal_rcc.o
 .ARM.attributes
                0x00000000000002cf       0x33 Drivers/STM32F1xx_HAL_Driver/Src/stm32f1xx_hal_rcc_ex.o
 .ARM.attributes
                0x0000000000000302       0x33 Drivers/STM32F1xx_HAL_Driver/Src/stm32f1xx_hal_tim.o
 .ARM.attributes
                0x0000000000000335       0x33 Drivers/STM32F1xx_HAL_Driver/Src/stm32f1xx_hal_tim_ex.o
 .ARM.attributes
                0x0000000000000368       0x33 Drivers/STM32F1xx_HAL_Driver/Src/stm32f1xx_ll_usb.o
 .ARM.attributes
                0x000000000000039b       0x33 Middlewares/ST/STM32_USB_Device_Library/Class/CDC/Src/usbd_cdc.o
 .ARM.attributes
                0x00000000000003ce       0x33 Middlewares/ST/STM32_USB_Device_Library/Core/Src/usbd_core.o
 .ARM.attributes
                0x0000000000000401       0x33 Middlewares/ST/STM32_USB_Device_Library/Core/Src/usbd_ctlreq.o
 .ARM.attributes
                0x0000000000000434       0x33 Middlewares/ST/STM32_USB_Device_Library/Core/Src/usbd_ioreq.o
 .ARM.attributes
                0x0000000000000467       0x33 USB_DEVICE/App/usb_device.o
 .ARM.attributes
                0x000000000000049a       0x33 USB_DEVICE/App/usbd_cdc_if.o
 .ARM.attributes
                0x00000000000004cd       0x33 USB_DEVICE/App/usbd_desc.o
 .ARM.attributes
                0x0000000000000500       0x33 USB_DEVICE/Target/usbd_conf.o
 .ARM.attributes
                0x0000000000000533       0x2d /opt/st/stm32cubeide_1.5.0/plugins/com.st.stm32cube.ide.mcu.externaltools.gnu-tools-for-stm32.7-2018-q2-update.linux64_1.5.0.202011040924/tools/bin/../lib/gcc/arm-none-eabi/7.3.1/../../../../arm-none-eabi/lib/thumb/v7-m/libc_nano.a(lib_a-init.o)
 .ARM.attributes
                0x0000000000000560       0x2d /opt/st/stm32cubeide_1.5.0/plugins/com.st.stm32cube.ide.mcu.externaltools.gnu-tools-for-stm32.7-2018-q2-update.linux64_1.5.0.202011040924/tools/bin/../lib/gcc/arm-none-eabi/7.3.1/../../../../arm-none-eabi/lib/thumb/v7-m/libc_nano.a(lib_a-memset.o)
 .ARM.attributes
                0x000000000000058d       0x1d /opt/st/stm32cubeide_1.5.0/plugins/com.st.stm32cube.ide.mcu.externaltools.gnu-tools-for-stm32.7-2018-q2-update.linux64_1.5.0.202011040924/tools/bin/../lib/gcc/arm-none-eabi/7.3.1/thumb/v7-m/crtn.o
OUTPUT(OsciloscopioSTM32.elf elf32-littlearm)

.debug_info     0x0000000000000000    0x16ee5
 .debug_info    0x0000000000000000     0x18d8 Core/Src/main.o
 .debug_info    0x00000000000018d8      0xd20 Core/Src/stm32f1xx_hal_msp.o
 .debug_info    0x00000000000025f8      0xbd4 Core/Src/stm32f1xx_it.o
 .debug_info    0x00000000000031cc      0x29a Core/Src/system_stm32f1xx.o
 .debug_info    0x0000000000003466       0x22 Core/Startup/startup_stm32f103c8tx.o
 .debug_info    0x0000000000003488      0x714 Drivers/STM32F1xx_HAL_Driver/Src/stm32f1xx_hal.o
 .debug_info    0x0000000000003b9c      0xc6c Drivers/STM32F1xx_HAL_Driver/Src/stm32f1xx_hal_adc.o
 .debug_info    0x0000000000004808      0xb51 Drivers/STM32F1xx_HAL_Driver/Src/stm32f1xx_hal_cortex.o
 .debug_info    0x0000000000005359      0x7b1 Drivers/STM32F1xx_HAL_Driver/Src/stm32f1xx_hal_dma.o
 .debug_info    0x0000000000005b0a      0x69b Drivers/STM32F1xx_HAL_Driver/Src/stm32f1xx_hal_gpio.o
 .debug_info    0x00000000000061a5     0x122f Drivers/STM32F1xx_HAL_Driver/Src/stm32f1xx_hal_pcd.o
 .debug_info    0x00000000000073d4      0x785 Drivers/STM32F1xx_HAL_Driver/Src/stm32f1xx_hal_pcd_ex.o
 .debug_info    0x0000000000007b59      0x80f Drivers/STM32F1xx_HAL_Driver/Src/stm32f1xx_hal_rcc.o
 .debug_info    0x0000000000008368      0x444 Drivers/STM32F1xx_HAL_Driver/Src/stm32f1xx_hal_rcc_ex.o
 .debug_info    0x00000000000087ac     0x27ef Drivers/STM32F1xx_HAL_Driver/Src/stm32f1xx_hal_tim.o
 .debug_info    0x000000000000af9b     0x136f Drivers/STM32F1xx_HAL_Driver/Src/stm32f1xx_hal_tim_ex.o
 .debug_info    0x000000000000c30a     0x17e7 Drivers/STM32F1xx_HAL_Driver/Src/stm32f1xx_ll_usb.o
 .debug_info    0x000000000000daf1     0x17b6 Middlewares/ST/STM32_USB_Device_Library/Class/CDC/Src/usbd_cdc.o
 .debug_info    0x000000000000f2a7     0x11d2 Middlewares/ST/STM32_USB_Device_Library/Core/Src/usbd_core.o
 .debug_info    0x0000000000010479     0x1142 Middlewares/ST/STM32_USB_Device_Library/Core/Src/usbd_ctlreq.o
 .debug_info    0x00000000000115bb      0xf33 Middlewares/ST/STM32_USB_Device_Library/Core/Src/usbd_ioreq.o
 .debug_info    0x00000000000124ee      0xe7b USB_DEVICE/App/usb_device.o
 .debug_info    0x0000000000013369     0x10ab USB_DEVICE/App/usbd_cdc_if.o
 .debug_info    0x0000000000014414      0xd17 USB_DEVICE/App/usbd_desc.o
 .debug_info    0x000000000001512b     0x1dba USB_DEVICE/Target/usbd_conf.o

.debug_abbrev   0x0000000000000000     0x32d0
 .debug_abbrev  0x0000000000000000      0x2ed Core/Src/main.o
 .debug_abbrev  0x00000000000002ed      0x1a6 Core/Src/stm32f1xx_hal_msp.o
 .debug_abbrev  0x0000000000000493      0x185 Core/Src/stm32f1xx_it.o
 .debug_abbrev  0x0000000000000618      0x134 Core/Src/system_stm32f1xx.o
 .debug_abbrev  0x000000000000074c       0x12 Core/Startup/startup_stm32f103c8tx.o
 .debug_abbrev  0x000000000000075e      0x1c7 Drivers/STM32F1xx_HAL_Driver/Src/stm32f1xx_hal.o
 .debug_abbrev  0x0000000000000925      0x1d5 Drivers/STM32F1xx_HAL_Driver/Src/stm32f1xx_hal_adc.o
 .debug_abbrev  0x0000000000000afa      0x2d5 Drivers/STM32F1xx_HAL_Driver/Src/stm32f1xx_hal_cortex.o
 .debug_abbrev  0x0000000000000dcf      0x1fe Drivers/STM32F1xx_HAL_Driver/Src/stm32f1xx_hal_dma.o
 .debug_abbrev  0x0000000000000fcd      0x1c0 Drivers/STM32F1xx_HAL_Driver/Src/stm32f1xx_hal_gpio.o
 .debug_abbrev  0x000000000000118d      0x268 Drivers/STM32F1xx_HAL_Driver/Src/stm32f1xx_hal_pcd.o
 .debug_abbrev  0x00000000000013f5      0x188 Drivers/STM32F1xx_HAL_Driver/Src/stm32f1xx_hal_pcd_ex.o
 .debug_abbrev  0x000000000000157d      0x243 Drivers/STM32F1xx_HAL_Driver/Src/stm32f1xx_hal_rcc.o
 .debug_abbrev  0x00000000000017c0      0x175 Drivers/STM32F1xx_HAL_Driver/Src/stm32f1xx_hal_rcc_ex.o
 .debug_abbrev  0x0000000000001935      0x230 Drivers/STM32F1xx_HAL_Driver/Src/stm32f1xx_hal_tim.o
 .debug_abbrev  0x0000000000001b65      0x236 Drivers/STM32F1xx_HAL_Driver/Src/stm32f1xx_hal_tim_ex.o
 .debug_abbrev  0x0000000000001d9b      0x1d2 Drivers/STM32F1xx_HAL_Driver/Src/stm32f1xx_ll_usb.o
 .debug_abbrev  0x0000000000001f6d      0x2b6 Middlewares/ST/STM32_USB_Device_Library/Class/CDC/Src/usbd_cdc.o
 .debug_abbrev  0x0000000000002223      0x270 Middlewares/ST/STM32_USB_Device_Library/Core/Src/usbd_core.o
 .debug_abbrev  0x0000000000002493      0x2a0 Middlewares/ST/STM32_USB_Device_Library/Core/Src/usbd_ctlreq.o
 .debug_abbrev  0x0000000000002733      0x1e0 Middlewares/ST/STM32_USB_Device_Library/Core/Src/usbd_ioreq.o
 .debug_abbrev  0x0000000000002913      0x1be USB_DEVICE/App/usb_device.o
 .debug_abbrev  0x0000000000002ad1      0x294 USB_DEVICE/App/usbd_cdc_if.o
 .debug_abbrev  0x0000000000002d65      0x290 USB_DEVICE/App/usbd_desc.o
 .debug_abbrev  0x0000000000002ff5      0x2db USB_DEVICE/Target/usbd_conf.o

.debug_aranges  0x0000000000000000     0x1160
 .debug_aranges
                0x0000000000000000       0x60 Core/Src/main.o
 .debug_aranges
                0x0000000000000060       0x40 Core/Src/stm32f1xx_hal_msp.o
 .debug_aranges
                0x00000000000000a0       0x78 Core/Src/stm32f1xx_it.o
 .debug_aranges
                0x0000000000000118       0x28 Core/Src/system_stm32f1xx.o
 .debug_aranges
                0x0000000000000140       0x28 Core/Startup/startup_stm32f103c8tx.o
 .debug_aranges
                0x0000000000000168       0xe0 Drivers/STM32F1xx_HAL_Driver/Src/stm32f1xx_hal.o
 .debug_aranges
                0x0000000000000248       0xf0 Drivers/STM32F1xx_HAL_Driver/Src/stm32f1xx_hal_adc.o
 .debug_aranges
                0x0000000000000338      0x100 Drivers/STM32F1xx_HAL_Driver/Src/stm32f1xx_hal_cortex.o
 .debug_aranges
                0x0000000000000438       0x80 Drivers/STM32F1xx_HAL_Driver/Src/stm32f1xx_hal_dma.o
 .debug_aranges
                0x00000000000004b8       0x58 Drivers/STM32F1xx_HAL_Driver/Src/stm32f1xx_hal_gpio.o
 .debug_aranges
                0x0000000000000510      0x138 Drivers/STM32F1xx_HAL_Driver/Src/stm32f1xx_hal_pcd.o
 .debug_aranges
                0x0000000000000648       0x38 Drivers/STM32F1xx_HAL_Driver/Src/stm32f1xx_hal_pcd_ex.o
 .debug_aranges
                0x0000000000000680       0x90 Drivers/STM32F1xx_HAL_Driver/Src/stm32f1xx_hal_rcc.o
 .debug_aranges
                0x0000000000000710       0x30 Drivers/STM32F1xx_HAL_Driver/Src/stm32f1xx_hal_rcc_ex.o
 .debug_aranges
                0x0000000000000740      0x3d0 Drivers/STM32F1xx_HAL_Driver/Src/stm32f1xx_hal_tim.o
 .debug_aranges
                0x0000000000000b10      0x168 Drivers/STM32F1xx_HAL_Driver/Src/stm32f1xx_hal_tim_ex.o
 .debug_aranges
                0x0000000000000c78       0xf0 Drivers/STM32F1xx_HAL_Driver/Src/stm32f1xx_ll_usb.o
 .debug_aranges
                0x0000000000000d68       0x90 Middlewares/ST/STM32_USB_Device_Library/Class/CDC/Src/usbd_cdc.o
 .debug_aranges
                0x0000000000000df8       0xb8 Middlewares/ST/STM32_USB_Device_Library/Core/Src/usbd_core.o
 .debug_aranges
                0x0000000000000eb0       0x88 Middlewares/ST/STM32_USB_Device_Library/Core/Src/usbd_ctlreq.o
 .debug_aranges
                0x0000000000000f38       0x50 Middlewares/ST/STM32_USB_Device_Library/Core/Src/usbd_ioreq.o
 .debug_aranges
                0x0000000000000f88       0x20 USB_DEVICE/App/usb_device.o
 .debug_aranges
                0x0000000000000fa8       0x40 USB_DEVICE/App/usbd_cdc_if.o
 .debug_aranges
                0x0000000000000fe8       0x60 USB_DEVICE/App/usbd_desc.o
 .debug_aranges
                0x0000000000001048      0x118 USB_DEVICE/Target/usbd_conf.o

.debug_ranges   0x0000000000000000      0xfd8
 .debug_ranges  0x0000000000000000       0x50 Core/Src/main.o
 .debug_ranges  0x0000000000000050       0x30 Core/Src/stm32f1xx_hal_msp.o
 .debug_ranges  0x0000000000000080       0x68 Core/Src/stm32f1xx_it.o
 .debug_ranges  0x00000000000000e8       0x18 Core/Src/system_stm32f1xx.o
 .debug_ranges  0x0000000000000100       0x20 Core/Startup/startup_stm32f103c8tx.o
 .debug_ranges  0x0000000000000120       0xd0 Drivers/STM32F1xx_HAL_Driver/Src/stm32f1xx_hal.o
 .debug_ranges  0x00000000000001f0       0xe0 Drivers/STM32F1xx_HAL_Driver/Src/stm32f1xx_hal_adc.o
 .debug_ranges  0x00000000000002d0       0xf0 Drivers/STM32F1xx_HAL_Driver/Src/stm32f1xx_hal_cortex.o
 .debug_ranges  0x00000000000003c0       0x70 Drivers/STM32F1xx_HAL_Driver/Src/stm32f1xx_hal_dma.o
 .debug_ranges  0x0000000000000430       0x48 Drivers/STM32F1xx_HAL_Driver/Src/stm32f1xx_hal_gpio.o
 .debug_ranges  0x0000000000000478      0x128 Drivers/STM32F1xx_HAL_Driver/Src/stm32f1xx_hal_pcd.o
 .debug_ranges  0x00000000000005a0       0x28 Drivers/STM32F1xx_HAL_Driver/Src/stm32f1xx_hal_pcd_ex.o
 .debug_ranges  0x00000000000005c8       0x80 Drivers/STM32F1xx_HAL_Driver/Src/stm32f1xx_hal_rcc.o
 .debug_ranges  0x0000000000000648       0x20 Drivers/STM32F1xx_HAL_Driver/Src/stm32f1xx_hal_rcc_ex.o
 .debug_ranges  0x0000000000000668      0x3c0 Drivers/STM32F1xx_HAL_Driver/Src/stm32f1xx_hal_tim.o
 .debug_ranges  0x0000000000000a28      0x158 Drivers/STM32F1xx_HAL_Driver/Src/stm32f1xx_hal_tim_ex.o
 .debug_ranges  0x0000000000000b80       0xe0 Drivers/STM32F1xx_HAL_Driver/Src/stm32f1xx_ll_usb.o
 .debug_ranges  0x0000000000000c60       0x80 Middlewares/ST/STM32_USB_Device_Library/Class/CDC/Src/usbd_cdc.o
 .debug_ranges  0x0000000000000ce0       0xa8 Middlewares/ST/STM32_USB_Device_Library/Core/Src/usbd_core.o
 .debug_ranges  0x0000000000000d88       0x78 Middlewares/ST/STM32_USB_Device_Library/Core/Src/usbd_ctlreq.o
 .debug_ranges  0x0000000000000e00       0x40 Middlewares/ST/STM32_USB_Device_Library/Core/Src/usbd_ioreq.o
 .debug_ranges  0x0000000000000e40       0x10 USB_DEVICE/App/usb_device.o
 .debug_ranges  0x0000000000000e50       0x30 USB_DEVICE/App/usbd_cdc_if.o
 .debug_ranges  0x0000000000000e80       0x50 USB_DEVICE/App/usbd_desc.o
 .debug_ranges  0x0000000000000ed0      0x108 USB_DEVICE/Target/usbd_conf.o

.debug_macro    0x0000000000000000    0x1af14
 .debug_macro   0x0000000000000000      0x3db Core/Src/main.o
 .debug_macro   0x00000000000003db      0xa5a Core/Src/main.o
 .debug_macro   0x0000000000000e35      0x227 Core/Src/main.o
 .debug_macro   0x000000000000105c       0x2e Core/Src/main.o
 .debug_macro   0x000000000000108a       0x22 Core/Src/main.o
 .debug_macro   0x00000000000010ac       0x22 Core/Src/main.o
 .debug_macro   0x00000000000010ce       0x8e Core/Src/main.o
 .debug_macro   0x000000000000115c       0x51 Core/Src/main.o
 .debug_macro   0x00000000000011ad       0xef Core/Src/main.o
 .debug_macro   0x000000000000129c       0x6a Core/Src/main.o
 .debug_macro   0x0000000000001306      0x1df Core/Src/main.o
 .debug_macro   0x00000000000014e5       0x1c Core/Src/main.o
 .debug_macro   0x0000000000001501       0x22 Core/Src/main.o
 .debug_macro   0x0000000000001523       0xc3 Core/Src/main.o
 .debug_macro   0x00000000000015e6      0xd23 Core/Src/main.o
 .debug_macro   0x0000000000002309     0xe097 Core/Src/main.o
 .debug_macro   0x00000000000103a0       0x43 Core/Src/main.o
 .debug_macro   0x00000000000103e3     0x3468 Core/Src/main.o
 .debug_macro   0x000000000001384b      0x174 Core/Src/main.o
 .debug_macro   0x00000000000139bf       0x5c Core/Src/main.o
 .debug_macro   0x0000000000013a1b      0x5be Core/Src/main.o
 .debug_macro   0x0000000000013fd9      0x289 Core/Src/main.o
 .debug_macro   0x0000000000014262      0x1cb Core/Src/main.o
 .debug_macro   0x000000000001442d      0x114 Core/Src/main.o
 .debug_macro   0x0000000000014541      0x1b2 Core/Src/main.o
 .debug_macro   0x00000000000146f3       0x27 Core/Src/main.o
 .debug_macro   0x000000000001471a      0x136 Core/Src/main.o
 .debug_macro   0x0000000000014850      0x1bc Core/Src/main.o
 .debug_macro   0x0000000000014a0c       0x34 Core/Src/main.o
 .debug_macro   0x0000000000014a40       0x3c Core/Src/main.o
 .debug_macro   0x0000000000014a7c       0x57 Core/Src/main.o
 .debug_macro   0x0000000000014ad3      0x46a Core/Src/main.o
 .debug_macro   0x0000000000014f3d      0x1b5 Core/Src/main.o
 .debug_macro   0x00000000000150f2       0x88 Core/Src/main.o
 .debug_macro   0x000000000001517a      0x241 Core/Src/main.o
 .debug_macro   0x00000000000153bb      0x141 Core/Src/main.o
 .debug_macro   0x00000000000154fc      0x8d1 Core/Src/main.o
 .debug_macro   0x0000000000015dcd       0x65 Core/Src/main.o
 .debug_macro   0x0000000000015e32      0x249 Core/Src/main.o
 .debug_macro   0x000000000001607b       0x83 Core/Src/main.o
 .debug_macro   0x00000000000160fe       0x46 Core/Src/main.o
 .debug_macro   0x0000000000016144       0x18 Core/Src/main.o
 .debug_macro   0x000000000001615c       0x3c Core/Src/main.o
 .debug_macro   0x0000000000016198       0x34 Core/Src/main.o
 .debug_macro   0x00000000000161cc       0x16 Core/Src/main.o
 .debug_macro   0x00000000000161e2       0x35 Core/Src/main.o
 .debug_macro   0x0000000000016217      0x32a Core/Src/main.o
 .debug_macro   0x0000000000016541       0x10 Core/Src/main.o
 .debug_macro   0x0000000000016551       0x52 Core/Src/main.o
 .debug_macro   0x00000000000165a3       0x1f Core/Src/main.o
 .debug_macro   0x00000000000165c2       0x43 Core/Src/main.o
 .debug_macro   0x0000000000016605       0x20 Core/Src/main.o
 .debug_macro   0x0000000000016625      0x1a3 Core/Src/main.o
 .debug_macro   0x00000000000167c8       0x10 Core/Src/main.o
 .debug_macro   0x00000000000167d8       0x1c Core/Src/main.o
 .debug_macro   0x00000000000167f4       0x52 Core/Src/main.o
 .debug_macro   0x0000000000016846       0x40 Core/Src/main.o
 .debug_macro   0x0000000000016886       0x10 Core/Src/main.o
 .debug_macro   0x0000000000016896       0x40 Core/Src/main.o
 .debug_macro   0x00000000000168d6       0xd7 Core/Src/main.o
 .debug_macro   0x00000000000169ad       0x1c Core/Src/main.o
 .debug_macro   0x00000000000169c9       0x3d Core/Src/main.o
 .debug_macro   0x0000000000016a06       0x16 Core/Src/main.o
 .debug_macro   0x0000000000016a1c      0x145 Core/Src/main.o
 .debug_macro   0x0000000000016b61       0x16 Core/Src/main.o
 .debug_macro   0x0000000000016b77       0x16 Core/Src/main.o
 .debug_macro   0x0000000000016b8d       0x29 Core/Src/main.o
 .debug_macro   0x0000000000016bb6       0x16 Core/Src/main.o
 .debug_macro   0x0000000000016bcc       0x20 Core/Src/main.o
 .debug_macro   0x0000000000016bec       0x60 Core/Src/main.o
 .debug_macro   0x0000000000016c4c      0x1c8 Core/Src/main.o
 .debug_macro   0x0000000000016e14      0x1db Core/Src/stm32f1xx_hal_msp.o
 .debug_macro   0x0000000000016fef      0x1e5 Core/Src/stm32f1xx_it.o
 .debug_macro   0x00000000000171d4      0x1d1 Core/Src/system_stm32f1xx.o
 .debug_macro   0x00000000000173a5      0x1f5 Drivers/STM32F1xx_HAL_Driver/Src/stm32f1xx_hal.o
 .debug_macro   0x000000000001759a      0x1ee Drivers/STM32F1xx_HAL_Driver/Src/stm32f1xx_hal_adc.o
 .debug_macro   0x0000000000017788      0x1d1 Drivers/STM32F1xx_HAL_Driver/Src/stm32f1xx_hal_cortex.o
 .debug_macro   0x0000000000017959      0x1d1 Drivers/STM32F1xx_HAL_Driver/Src/stm32f1xx_hal_dma.o
 .debug_macro   0x0000000000017b2a      0x23c Drivers/STM32F1xx_HAL_Driver/Src/stm32f1xx_hal_gpio.o
 .debug_macro   0x0000000000017d66      0x1dd Drivers/STM32F1xx_HAL_Driver/Src/stm32f1xx_hal_pcd.o
 .debug_macro   0x0000000000017f43      0x1d1 Drivers/STM32F1xx_HAL_Driver/Src/stm32f1xx_hal_pcd_ex.o
 .debug_macro   0x0000000000018114      0x1e3 Drivers/STM32F1xx_HAL_Driver/Src/stm32f1xx_hal_rcc.o
 .debug_macro   0x00000000000182f7      0x1d1 Drivers/STM32F1xx_HAL_Driver/Src/stm32f1xx_hal_rcc_ex.o
 .debug_macro   0x00000000000184c8      0x1d2 Drivers/STM32F1xx_HAL_Driver/Src/stm32f1xx_hal_tim.o
 .debug_macro   0x000000000001869a      0x1d1 Drivers/STM32F1xx_HAL_Driver/Src/stm32f1xx_hal_tim_ex.o
 .debug_macro   0x000000000001886b      0x1d1 Drivers/STM32F1xx_HAL_Driver/Src/stm32f1xx_ll_usb.o
 .debug_macro   0x0000000000018a3c      0x3e8 Middlewares/ST/STM32_USB_Device_Library/Class/CDC/Src/usbd_cdc.o
 .debug_macro   0x0000000000018e24       0x97 Middlewares/ST/STM32_USB_Device_Library/Class/CDC/Src/usbd_cdc.o
 .debug_macro   0x0000000000018ebb       0xfd Middlewares/ST/STM32_USB_Device_Library/Class/CDC/Src/usbd_cdc.o
 .debug_macro   0x0000000000018fb8       0xbd Middlewares/ST/STM32_USB_Device_Library/Class/CDC/Src/usbd_cdc.o
 .debug_macro   0x0000000000019075       0x56 Middlewares/ST/STM32_USB_Device_Library/Class/CDC/Src/usbd_cdc.o
 .debug_macro   0x00000000000190cb       0x8f Middlewares/ST/STM32_USB_Device_Library/Class/CDC/Src/usbd_cdc.o
 .debug_macro   0x000000000001915a      0x3cf Middlewares/ST/STM32_USB_Device_Library/Core/Src/usbd_core.o
 .debug_macro   0x0000000000019529      0x1ce Middlewares/ST/STM32_USB_Device_Library/Core/Src/usbd_core.o
 .debug_macro   0x00000000000196f7      0x3d9 Middlewares/ST/STM32_USB_Device_Library/Core/Src/usbd_ctlreq.o
 .debug_macro   0x0000000000019ad0      0x3d5 Middlewares/ST/STM32_USB_Device_Library/Core/Src/usbd_ioreq.o
 .debug_macro   0x0000000000019ea5      0x40e USB_DEVICE/App/usb_device.o
 .debug_macro   0x000000000001a2b3       0x22 USB_DEVICE/App/usb_device.o
 .debug_macro   0x000000000001a2d5       0x16 USB_DEVICE/App/usb_device.o
 .debug_macro   0x000000000001a2eb      0x3ff USB_DEVICE/App/usbd_cdc_if.o
 .debug_macro   0x000000000001a6ea       0x10 USB_DEVICE/App/usbd_cdc_if.o
 .debug_macro   0x000000000001a6fa      0x40c USB_DEVICE/App/usbd_desc.o
 .debug_macro   0x000000000001ab06       0x1c USB_DEVICE/App/usbd_desc.o
 .debug_macro   0x000000000001ab22      0x3f2 USB_DEVICE/Target/usbd_conf.o

.debug_line     0x0000000000000000    0x10e39
 .debug_line    0x0000000000000000      0xa87 Core/Src/main.o
 .debug_line    0x0000000000000a87      0x715 Core/Src/stm32f1xx_hal_msp.o
 .debug_line    0x000000000000119c      0x791 Core/Src/stm32f1xx_it.o
 .debug_line    0x000000000000192d      0x6db Core/Src/system_stm32f1xx.o
 .debug_line    0x0000000000002008       0x84 Core/Startup/startup_stm32f103c8tx.o
 .debug_line    0x000000000000208c      0x88e Drivers/STM32F1xx_HAL_Driver/Src/stm32f1xx_hal.o
 .debug_line    0x000000000000291a      0xbdf Drivers/STM32F1xx_HAL_Driver/Src/stm32f1xx_hal_adc.o
 .debug_line    0x00000000000034f9      0x965 Drivers/STM32F1xx_HAL_Driver/Src/stm32f1xx_hal_cortex.o
 .debug_line    0x0000000000003e5e      0xaf3 Drivers/STM32F1xx_HAL_Driver/Src/stm32f1xx_hal_dma.o
 .debug_line    0x0000000000004951      0x88a Drivers/STM32F1xx_HAL_Driver/Src/stm32f1xx_hal_gpio.o
 .debug_line    0x00000000000051db      0xcf2 Drivers/STM32F1xx_HAL_Driver/Src/stm32f1xx_hal_pcd.o
 .debug_line    0x0000000000005ecd      0x6ff Drivers/STM32F1xx_HAL_Driver/Src/stm32f1xx_hal_pcd_ex.o
 .debug_line    0x00000000000065cc      0x94e Drivers/STM32F1xx_HAL_Driver/Src/stm32f1xx_hal_rcc.o
 .debug_line    0x0000000000006f1a      0x76c Drivers/STM32F1xx_HAL_Driver/Src/stm32f1xx_hal_rcc_ex.o
 .debug_line    0x0000000000007686     0x1fe7 Drivers/STM32F1xx_HAL_Driver/Src/stm32f1xx_hal_tim.o
 .debug_line    0x000000000000966d     0x12f5 Drivers/STM32F1xx_HAL_Driver/Src/stm32f1xx_hal_tim_ex.o
 .debug_line    0x000000000000a962      0xd27 Drivers/STM32F1xx_HAL_Driver/Src/stm32f1xx_ll_usb.o
 .debug_line    0x000000000000b689      0xb61 Middlewares/ST/STM32_USB_Device_Library/Class/CDC/Src/usbd_cdc.o
 .debug_line    0x000000000000c1ea      0xb9c Middlewares/ST/STM32_USB_Device_Library/Core/Src/usbd_core.o
 .debug_line    0x000000000000cd86      0xc25 Middlewares/ST/STM32_USB_Device_Library/Core/Src/usbd_ctlreq.o
 .debug_line    0x000000000000d9ab      0xa05 Middlewares/ST/STM32_USB_Device_Library/Core/Src/usbd_ioreq.o
 .debug_line    0x000000000000e3b0      0x9e7 USB_DEVICE/App/usb_device.o
 .debug_line    0x000000000000ed97      0xa46 USB_DEVICE/App/usbd_cdc_if.o
 .debug_line    0x000000000000f7dd      0xa39 USB_DEVICE/App/usbd_desc.o
 .debug_line    0x0000000000010216      0xc23 USB_DEVICE/Target/usbd_conf.o

.debug_str      0x0000000000000000    0x91cef
 .debug_str     0x0000000000000000    0x8d9a6 Core/Src/main.o
                                      0x8df27 (size before relaxing)
 .debug_str     0x000000000008d9a6       0xb7 Core/Src/stm32f1xx_hal_msp.o
                                      0x8900d (size before relaxing)
 .debug_str     0x000000000008da5d      0x3d7 Core/Src/stm32f1xx_it.o
                                      0x88eb8 (size before relaxing)
 .debug_str     0x000000000008de34       0x52 Core/Src/system_stm32f1xx.o
                                      0x88660 (size before relaxing)
 .debug_str     0x000000000008de86       0x36 Core/Startup/startup_stm32f103c8tx.o
                                         0x76 (size before relaxing)
 .debug_str     0x000000000008debc      0x2fa Drivers/STM32F1xx_HAL_Driver/Src/stm32f1xx_hal.o
                                      0x88cf1 (size before relaxing)
 .debug_str     0x000000000008e1b6      0x359 Drivers/STM32F1xx_HAL_Driver/Src/stm32f1xx_hal_adc.o
                                      0x88cf0 (size before relaxing)
 .debug_str     0x000000000008e50f      0x2d8 Drivers/STM32F1xx_HAL_Driver/Src/stm32f1xx_hal_cortex.o
                                      0x88cf9 (size before relaxing)
 .debug_str     0x000000000008e7e7      0x235 Drivers/STM32F1xx_HAL_Driver/Src/stm32f1xx_hal_dma.o
                                      0x88a3b (size before relaxing)
 .debug_str     0x000000000008ea1c      0x31f Drivers/STM32F1xx_HAL_Driver/Src/stm32f1xx_hal_gpio.o
                                      0x88a24 (size before relaxing)
 .debug_str     0x000000000008ed3b      0x3e5 Drivers/STM32F1xx_HAL_Driver/Src/stm32f1xx_hal_pcd.o
                                      0x88db3 (size before relaxing)
 .debug_str     0x000000000008f120      0x18d Drivers/STM32F1xx_HAL_Driver/Src/stm32f1xx_hal_pcd_ex.o
                                      0x88b00 (size before relaxing)
 .debug_str     0x000000000008f2ad      0x24f Drivers/STM32F1xx_HAL_Driver/Src/stm32f1xx_hal_rcc.o
                                      0x88a5d (size before relaxing)
 .debug_str     0x000000000008f4fc       0xb9 Drivers/STM32F1xx_HAL_Driver/Src/stm32f1xx_hal_rcc_ex.o
                                      0x887ea (size before relaxing)
 .debug_str     0x000000000008f5b5      0xdb5 Drivers/STM32F1xx_HAL_Driver/Src/stm32f1xx_hal_tim.o
                                      0x89a2f (size before relaxing)
 .debug_str     0x000000000009036a      0x517 Drivers/STM32F1xx_HAL_Driver/Src/stm32f1xx_hal_tim_ex.o
                                      0x89209 (size before relaxing)
 .debug_str     0x0000000000090881      0x2a7 Drivers/STM32F1xx_HAL_Driver/Src/stm32f1xx_ll_usb.o
                                      0x88b33 (size before relaxing)
 .debug_str     0x0000000000090b28      0x8d9 Middlewares/ST/STM32_USB_Device_Library/Class/CDC/Src/usbd_cdc.o
                                      0x8de6c (size before relaxing)
 .debug_str     0x0000000000091401      0x1b5 Middlewares/ST/STM32_USB_Device_Library/Core/Src/usbd_core.o
                                      0x8d767 (size before relaxing)
 .debug_str     0x00000000000915b6      0x134 Middlewares/ST/STM32_USB_Device_Library/Core/Src/usbd_ctlreq.o
                                      0x8d6ed (size before relaxing)
 .debug_str     0x00000000000916ea       0xc9 Middlewares/ST/STM32_USB_Device_Library/Core/Src/usbd_ioreq.o
                                      0x8d675 (size before relaxing)
 .debug_str     0x00000000000917b3      0x118 USB_DEVICE/App/usb_device.o
                                      0x8d9dc (size before relaxing)
 .debug_str     0x00000000000918cb       0x83 USB_DEVICE/App/usbd_cdc_if.o
                                      0x8da5f (size before relaxing)
 .debug_str     0x000000000009194e      0x258 USB_DEVICE/App/usbd_desc.o
                                      0x8d5e0 (size before relaxing)
 .debug_str     0x0000000000091ba6      0x149 USB_DEVICE/Target/usbd_conf.o
                                      0x8e292 (size before relaxing)

.comment        0x0000000000000000       0x7b
 .comment       0x0000000000000000       0x7b Core/Src/main.o
                                         0x7c (size before relaxing)
 .comment       0x000000000000007b       0x7c Core/Src/stm32f1xx_hal_msp.o
 .comment       0x000000000000007b       0x7c Core/Src/stm32f1xx_it.o
 .comment       0x000000000000007b       0x7c Core/Src/system_stm32f1xx.o
 .comment       0x000000000000007b       0x7c Drivers/STM32F1xx_HAL_Driver/Src/stm32f1xx_hal.o
 .comment       0x000000000000007b       0x7c Drivers/STM32F1xx_HAL_Driver/Src/stm32f1xx_hal_adc.o
 .comment       0x000000000000007b       0x7c Drivers/STM32F1xx_HAL_Driver/Src/stm32f1xx_hal_cortex.o
 .comment       0x000000000000007b       0x7c Drivers/STM32F1xx_HAL_Driver/Src/stm32f1xx_hal_dma.o
 .comment       0x000000000000007b       0x7c Drivers/STM32F1xx_HAL_Driver/Src/stm32f1xx_hal_gpio.o
 .comment       0x000000000000007b       0x7c Drivers/STM32F1xx_HAL_Driver/Src/stm32f1xx_hal_pcd.o
 .comment       0x000000000000007b       0x7c Drivers/STM32F1xx_HAL_Driver/Src/stm32f1xx_hal_pcd_ex.o
 .comment       0x000000000000007b       0x7c Drivers/STM32F1xx_HAL_Driver/Src/stm32f1xx_hal_rcc.o
 .comment       0x000000000000007b       0x7c Drivers/STM32F1xx_HAL_Driver/Src/stm32f1xx_hal_rcc_ex.o
 .comment       0x000000000000007b       0x7c Drivers/STM32F1xx_HAL_Driver/Src/stm32f1xx_hal_tim.o
 .comment       0x000000000000007b       0x7c Drivers/STM32F1xx_HAL_Driver/Src/stm32f1xx_hal_tim_ex.o
 .comment       0x000000000000007b       0x7c Drivers/STM32F1xx_HAL_Driver/Src/stm32f1xx_ll_usb.o
 .comment       0x000000000000007b       0x7c Middlewares/ST/STM32_USB_Device_Library/Class/CDC/Src/usbd_cdc.o
 .comment       0x000000000000007b       0x7c Middlewares/ST/STM32_USB_Device_Library/Core/Src/usbd_core.o
 .comment       0x000000000000007b       0x7c Middlewares/ST/STM32_USB_Device_Library/Core/Src/usbd_ctlreq.o
 .comment       0x000000000000007b       0x7c Middlewares/ST/STM32_USB_Device_Library/Core/Src/usbd_ioreq.o
 .comment       0x000000000000007b       0x7c USB_DEVICE/App/usb_device.o
 .comment       0x000000000000007b       0x7c USB_DEVICE/App/usbd_cdc_if.o
 .comment       0x000000000000007b       0x7c USB_DEVICE/App/usbd_desc.o
 .comment       0x000000000000007b       0x7c USB_DEVICE/Target/usbd_conf.o

.debug_frame    0x0000000000000000     0x4728
 .debug_frame   0x0000000000000000      0x148 Core/Src/main.o
 .debug_frame   0x0000000000000148       0xc8 Core/Src/stm32f1xx_hal_msp.o
 .debug_frame   0x0000000000000210      0x158 Core/Src/stm32f1xx_it.o
 .debug_frame   0x0000000000000368       0x58 Core/Src/system_stm32f1xx.o
 .debug_frame   0x00000000000003c0      0x334 Drivers/STM32F1xx_HAL_Driver/Src/stm32f1xx_hal.o
 .debug_frame   0x00000000000006f4      0x40c Drivers/STM32F1xx_HAL_Driver/Src/stm32f1xx_hal_adc.o
 .debug_frame   0x0000000000000b00      0x428 Drivers/STM32F1xx_HAL_Driver/Src/stm32f1xx_hal_cortex.o
 .debug_frame   0x0000000000000f28      0x208 Drivers/STM32F1xx_HAL_Driver/Src/stm32f1xx_hal_dma.o
 .debug_frame   0x0000000000001130      0x14c Drivers/STM32F1xx_HAL_Driver/Src/stm32f1xx_hal_gpio.o
 .debug_frame   0x000000000000127c      0x578 Drivers/STM32F1xx_HAL_Driver/Src/stm32f1xx_hal_pcd.o
 .debug_frame   0x00000000000017f4       0xb0 Drivers/STM32F1xx_HAL_Driver/Src/stm32f1xx_hal_pcd_ex.o
 .debug_frame   0x00000000000018a4      0x21c Drivers/STM32F1xx_HAL_Driver/Src/stm32f1xx_hal_rcc.o
 .debug_frame   0x0000000000001ac0       0x84 Drivers/STM32F1xx_HAL_Driver/Src/stm32f1xx_hal_rcc_ex.o
 .debug_frame   0x0000000000001b44     0x11b8 Drivers/STM32F1xx_HAL_Driver/Src/stm32f1xx_hal_tim.o
 .debug_frame   0x0000000000002cfc      0x638 Drivers/STM32F1xx_HAL_Driver/Src/stm32f1xx_hal_tim_ex.o
 .debug_frame   0x0000000000003334      0x450 Drivers/STM32F1xx_HAL_Driver/Src/stm32f1xx_ll_usb.o
 .debug_frame   0x0000000000003784      0x248 Middlewares/ST/STM32_USB_Device_Library/Class/CDC/Src/usbd_cdc.o
 .debug_frame   0x00000000000039cc      0x300 Middlewares/ST/STM32_USB_Device_Library/Core/Src/usbd_core.o
 .debug_frame   0x0000000000003ccc      0x218 Middlewares/ST/STM32_USB_Device_Library/Core/Src/usbd_ctlreq.o
 .debug_frame   0x0000000000003ee4      0x10c Middlewares/ST/STM32_USB_Device_Library/Core/Src/usbd_ioreq.o
 .debug_frame   0x0000000000003ff0       0x2c USB_DEVICE/App/usb_device.o
 .debug_frame   0x000000000000401c       0xbc USB_DEVICE/App/usbd_cdc_if.o
 .debug_frame   0x00000000000040d8      0x160 USB_DEVICE/App/usbd_desc.o
 .debug_frame   0x0000000000004238      0x4a4 USB_DEVICE/Target/usbd_conf.o
 .debug_frame   0x00000000000046dc       0x2c /opt/st/stm32cubeide_1.5.0/plugins/com.st.stm32cube.ide.mcu.externaltools.gnu-tools-for-stm32.7-2018-q2-update.linux64_1.5.0.202011040924/tools/bin/../lib/gcc/arm-none-eabi/7.3.1/../../../../arm-none-eabi/lib/thumb/v7-m/libc_nano.a(lib_a-init.o)
 .debug_frame   0x0000000000004708       0x20 /opt/st/stm32cubeide_1.5.0/plugins/com.st.stm32cube.ide.mcu.externaltools.gnu-tools-for-stm32.7-2018-q2-update.linux64_1.5.0.202011040924/tools/bin/../lib/gcc/arm-none-eabi/7.3.1/../../../../arm-none-eabi/lib/thumb/v7-m/libc_nano.a(lib_a-memset.o)
